[2026-09-27 10:47:07Z INFO HostContext] No proxy settings were found based on environmental variables (http_proxy/https_proxy/HTTP_PROXY/HTTPS_PROXY)
[2026-09-27 10:47:07Z INFO HostContext] Well known directory 'Bin': 'C:\Users\chenz\Downloads\terraform-nca\actions-runner\bin'
[2026-09-27 10:47:07Z INFO HostContext] Well known directory 'Root': 'C:\Users\chenz\Downloads\terraform-nca\actions-runner'
[2026-09-27 10:47:07Z INFO HostContext] Well known config file 'Credentials': 'C:\Users\chenz\Downloads\terraform-nca\actions-runner\.credentials'
[2026-09-27 10:47:07Z INFO HostContext] Well known directory 'Bin': 'C:\Users\chenz\Downloads\terraform-nca\actions-runner\bin'
[2026-09-27 10:47:07Z INFO HostContext] Well known directory 'Root': 'C:\Users\chenz\Downloads\terraform-nca\actions-runner'
[2026-09-27 10:47:07Z INFO HostContext] Well known config file 'Runner': 'C:\Users\chenz\Downloads\terraform-nca\actions-runner\.runner'
[2026-09-27 10:47:07Z INFO Listener] Runner is built for Windows (X64) - win-x64.
[2026-09-27 10:47:07Z INFO Listener] RuntimeInformation: Microsoft Windows 10.0.26200.
[2026-09-27 10:47:07Z INFO Listener] Version: 2.337.0
[2026-09-27 10:47:07Z INFO Listener] Commit: 397b032cbf865e9c3ddfab89d533ec19325e1273
[2026-09-27 10:47:07Z INFO Listener] Culture: nl-NL
[2026-09-27 10:47:07Z INFO Listener] UI Culture: nl-NL
[2026-09-27 10:47:07Z INFO HostContext] Well known directory 'Bin': 'C:\Users\chenz\Downloads\terraform-nca\actions-runner\bin'
[2026-09-27 10:47:07Z INFO HostContext] Well known directory 'Root': 'C:\Users\chenz\Downloads\terraform-nca\actions-runner'
[2026-09-27 10:47:07Z INFO Listener] Validating directory permissions for: 'C:\Users\chenz\Downloads\terraform-nca\actions-runner'
[2026-09-27 10:47:07Z INFO CommandLineParser] Parse
[2026-09-27 10:47:07Z INFO CommandLineParser] Parsing 1 args
[2026-09-27 10:47:07Z INFO CommandLineParser] parsing argument
[2026-09-27 10:47:07Z INFO CommandLineParser] HasArgs: False
[2026-09-27 10:47:07Z INFO CommandLineParser] Adding Command: run
[2026-09-27 10:47:07Z INFO Listener] Arguments parsed
[2026-09-27 10:47:07Z INFO Runner] ExecuteCommand
[2026-09-27 10:47:07Z INFO ConfigurationStore] currentAssemblyLocation: C:\Users\chenz\Downloads\terraform-nca\actions-runner\bin\Runner.Listener.dll
[2026-09-27 10:47:07Z INFO HostContext] Well known directory 'Bin': 'C:\Users\chenz\Downloads\terraform-nca\actions-runner\bin'
[2026-09-27 10:47:07Z INFO ConfigurationStore] binPath: C:\Users\chenz\Downloads\terraform-nca\actions-runner\bin
[2026-09-27 10:47:07Z INFO HostContext] Well known directory 'Bin': 'C:\Users\chenz\Downloads\terraform-nca\actions-runner\bin'
[2026-09-27 10:47:07Z INFO HostContext] Well known directory 'Root': 'C:\Users\chenz\Downloads\terraform-nca\actions-runner'
[2026-09-27 10:47:07Z INFO ConfigurationStore] RootFolder: C:\Users\chenz\Downloads\terraform-nca\actions-runner
[2026-09-27 10:47:07Z INFO HostContext] Well known directory 'Bin': 'C:\Users\chenz\Downloads\terraform-nca\actions-runner\bin'
[2026-09-27 10:47:07Z INFO HostContext] Well known directory 'Root': 'C:\Users\chenz\Downloads\terraform-nca\actions-runner'
[2026-09-27 10:47:07Z INFO HostContext] Well known config file 'Runner': 'C:\Users\chenz\Downloads\terraform-nca\actions-runner\.runner'
[2026-09-27 10:47:07Z INFO ConfigurationStore] ConfigFilePath: C:\Users\chenz\Downloads\terraform-nca\actions-runner\.runner
[2026-09-27 10:47:07Z INFO HostContext] Well known directory 'Bin': 'C:\Users\chenz\Downloads\terraform-nca\actions-runner\bin'
[2026-09-27 10:47:07Z INFO HostContext] Well known directory 'Root': 'C:\Users\chenz\Downloads\terraform-nca\actions-runner'
[2026-09-27 10:47:07Z INFO HostContext] Well known config file 'MigratedRunner': 'C:\Users\chenz\Downloads\terraform-nca\actions-runner\.runner_migrated'
[2026-09-27 10:47:07Z INFO ConfigurationStore] MigratedConfigFilePath: C:\Users\chenz\Downloads\terraform-nca\actions-runner\.runner_migrated
[2026-09-27 10:47:07Z INFO HostContext] Well known directory 'Bin': 'C:\Users\chenz\Downloads\terraform-nca\actions-runner\bin'
[2026-09-27 10:47:07Z INFO HostContext] Well known directory 'Root': 'C:\Users\chenz\Downloads\terraform-nca\actions-runner'
[2026-09-27 10:47:07Z INFO HostContext] Well known config file 'Credentials': 'C:\Users\chenz\Downloads\terraform-nca\actions-runner\.credentials'
[2026-09-27 10:47:07Z INFO ConfigurationStore] CredFilePath: C:\Users\chenz\Downloads\terraform-nca\actions-runner\.credentials
[2026-09-27 10:47:07Z INFO HostContext] Well known directory 'Bin': 'C:\Users\chenz\Downloads\terraform-nca\actions-runner\bin'
[2026-09-27 10:47:07Z INFO HostContext] Well known directory 'Root': 'C:\Users\chenz\Downloads\terraform-nca\actions-runner'
[2026-09-27 10:47:07Z INFO HostContext] Well known config file 'MigratedCredentials': 'C:\Users\chenz\Downloads\terraform-nca\actions-runner\.credentials_migrated'
[2026-09-27 10:47:07Z INFO ConfigurationStore] MigratedCredFilePath: C:\Users\chenz\Downloads\terraform-nca\actions-runner\.credentials_migrated
[2026-09-27 10:47:07Z INFO HostContext] Well known directory 'Bin': 'C:\Users\chenz\Downloads\terraform-nca\actions-runner\bin'
[2026-09-27 10:47:07Z INFO HostContext] Well known directory 'Root': 'C:\Users\chenz\Downloads\terraform-nca\actions-runner'
[2026-09-27 10:47:07Z INFO HostContext] Well known config file 'Service': 'C:\Users\chenz\Downloads\terraform-nca\actions-runner\.service'
[2026-09-27 10:47:07Z INFO ConfigurationStore] ServiceConfigFilePath: C:\Users\chenz\Downloads\terraform-nca\actions-runner\.service
[2026-09-27 10:47:07Z INFO CommandSettings] Flag 'help': 'False'
[2026-09-27 10:47:07Z INFO CommandSettings] Flag 'version': 'False'
[2026-09-27 10:47:07Z INFO CommandSettings] Flag 'commit': 'False'
[2026-09-27 10:47:07Z INFO CommandSettings] Flag 'check': 'False'
[2026-09-27 10:47:07Z INFO CommandSettings] Command 'configure': 'False'
[2026-09-27 10:47:07Z INFO CommandSettings] Command 'remove': 'False'
[2026-09-27 10:47:07Z INFO CommandSettings] Command 'warmup': 'False'
[2026-09-27 10:47:07Z INFO ConfigurationManager] LoadSettings
[2026-09-27 10:47:07Z INFO ConfigurationStore] IsConfigured()
[2026-09-27 10:47:07Z INFO ConfigurationStore] IsConfigured: True
[2026-09-27 10:47:07Z INFO ConfigurationManager] Is configured: True
[2026-09-27 10:47:07Z INFO ConfigurationStore] Read setting file: 398 chars
[2026-09-27 10:47:07Z INFO ConfigurationManager] Settings Loaded
[2026-09-27 10:47:07Z INFO ConfigurationStore] IsServiceConfigured()
[2026-09-27 10:47:07Z INFO ConfigurationStore] IsServiceConfigured: False
[2026-09-27 10:47:07Z INFO CommandSettings] Command 'run': 'True'
[2026-09-27 10:47:07Z INFO ConfigurationStore] IsConfigured()
[2026-09-27 10:47:07Z INFO ConfigurationStore] IsConfigured: True
[2026-09-27 10:47:07Z INFO ConfigurationManager] Is configured: True
[2026-09-27 10:47:07Z INFO Runner] Could not parse the argument value '' for StartupType. Defaulting to Manual
[2026-09-27 10:47:07Z INFO Runner] Set runner startup type - Manual
[2026-09-27 10:47:07Z INFO CommandSettings] Flag 'once': 'False'
[2026-09-27 10:47:07Z INFO CommandSettings] Flag 'once': 'False'
[2026-09-27 10:47:07Z INFO Runner] RunAsync
[2026-09-27 10:47:07Z INFO HostContext] Well known directory 'Bin': 'C:\Users\chenz\Downloads\terraform-nca\actions-runner\bin'
[2026-09-27 10:47:07Z INFO HostContext] Well known directory 'Root': 'C:\Users\chenz\Downloads\terraform-nca\actions-runner'
[2026-09-27 10:47:07Z INFO HostContext] Well known directory 'Work': 'C:\Users\chenz\Downloads\terraform-nca\actions-runner\_work'
[2026-09-27 10:47:07Z INFO Runner] Validating directory permissions for: 'C:\Users\chenz\Downloads\terraform-nca\actions-runner\_work'
[2026-09-27 10:47:07Z INFO ConfigurationManager] LoadMigratedSettings
[2026-09-27 10:47:07Z INFO ConfigurationStore] IsMigratedConfigured()
[2026-09-27 10:47:07Z INFO ConfigurationStore] IsMigratedConfigured: False
[2026-09-27 10:47:07Z INFO Runner] Failed to load migrated settings: No migrated configuration found.
[2026-09-27 10:47:07Z INFO Runner] Falling back to original .runner settings
[2026-09-27 10:47:07Z INFO Runner] Using BrokerMessageListener
[2026-09-27 10:47:07Z INFO BrokerMessageListener] Using provided settings
[2026-09-27 10:47:07Z INFO BrokerMessageListener] {
  "AgentId": 2,
  "AgentName": "ZINAN",
  "PoolId": 1,
  "PoolName": "Default",
  "ServerUrl": "https://pipelinesghubeus15.actions.githubusercontent.com/2WzNlrq9gB8vZ1VFT2Pk022Fg2NYtdQIW2zwJre3YGUQowYKVm/",
  "GitHubUrl": "https://github.com/chenzinan869-web/case-study-1",
  "WorkFolder": "_work",
  "UseV2Flow": true,
  "ServerUrlV2": "https://broker.actions.githubusercontent.com/"
}
[2026-09-27 10:47:07Z INFO BrokerMessageListener] Loading Credentials
[2026-09-27 10:47:07Z INFO ConfigurationStore] HasCredentials()
[2026-09-27 10:47:07Z INFO ConfigurationStore] stored True
[2026-09-27 10:47:07Z INFO CredentialManager] GetCredentialProvider
[2026-09-27 10:47:07Z INFO CredentialManager] Creating type OAuth
[2026-09-27 10:47:07Z INFO CredentialManager] Creating credential type: OAuth
[2026-09-27 10:47:07Z INFO HostContext] Well known directory 'Bin': 'C:\Users\chenz\Downloads\terraform-nca\actions-runner\bin'
[2026-09-27 10:47:07Z INFO HostContext] Well known directory 'Root': 'C:\Users\chenz\Downloads\terraform-nca\actions-runner'
[2026-09-27 10:47:07Z INFO HostContext] Well known config file 'RSACredentials': 'C:\Users\chenz\Downloads\terraform-nca\actions-runner\.credentials_rsaparams'
[2026-09-27 10:47:07Z INFO RSAEncryptedFileKeyManager] Loading RSA key parameters from file C:\Users\chenz\Downloads\terraform-nca\actions-runner\.credentials_rsaparams
[2026-09-27 10:47:07Z INFO BrokerMessageListener] Attempt to create session.
[2026-09-27 10:47:07Z INFO BrokerMessageListener] Connecting to the Broker Server...
[2026-09-27 10:47:07Z INFO ConfigurationStore] HasCredentials()
[2026-09-27 10:47:07Z INFO ConfigurationStore] stored True
[2026-09-27 10:47:07Z INFO CredentialManager] GetCredentialProvider
[2026-09-27 10:47:07Z INFO CredentialManager] Creating type OAuth
[2026-09-27 10:47:07Z INFO CredentialManager] Creating credential type: OAuth
[2026-09-27 10:47:07Z INFO RSAEncryptedFileKeyManager] Loading RSA key parameters from file C:\Users\chenz\Downloads\terraform-nca\actions-runner\.credentials_rsaparams
[2026-09-27 10:47:07Z INFO BrokerMessageListener] VssConnection created
[2026-09-27 10:47:07Z INFO BrokerMessageListener] Connecting to the Runner server...
[2026-09-27 10:47:07Z INFO RunnerServer] EstablishVssConnection
[2026-09-27 10:47:07Z INFO RunnerServer] Establish connection with 100 seconds timeout.
[2026-09-27 10:47:07Z INFO GitHubActionsService] Starting operation Location.GetConnectionData
[2026-09-27 10:47:07Z INFO RunnerServer] EstablishVssConnection
[2026-09-27 10:47:07Z INFO RunnerServer] Establish connection with 60 seconds timeout.
[2026-09-27 10:47:07Z INFO GitHubActionsService] Starting operation Location.GetConnectionData
[2026-09-27 10:47:07Z INFO RunnerServer] EstablishVssConnection
[2026-09-27 10:47:07Z INFO RunnerServer] Establish connection with 60 seconds timeout.
[2026-09-27 10:47:07Z INFO GitHubActionsService] Starting operation Location.GetConnectionData
[2026-09-27 10:47:08Z INFO GitHubActionsService] Finished operation Location.GetConnectionData
[2026-09-27 10:47:08Z INFO GitHubActionsService] Finished operation Location.GetConnectionData
[2026-09-27 10:47:08Z INFO GitHubActionsService] Finished operation Location.GetConnectionData
[2026-09-27 10:47:08Z INFO BrokerMessageListener] VssConnection created
[2026-09-27 10:47:08Z INFO Terminal] WRITE LINE: 
[2026-09-27 10:47:08Z INFO Terminal] WRITE LINE: 
[2026-09-27 10:47:08Z INFO RSAEncryptedFileKeyManager] Loading RSA key parameters from file C:\Users\chenz\Downloads\terraform-nca\actions-runner\.credentials_rsaparams
[2026-09-27 10:47:08Z INFO RSAEncryptedFileKeyManager] Loading RSA key parameters from file C:\Users\chenz\Downloads\terraform-nca\actions-runner\.credentials_rsaparams
[2026-09-27 10:47:08Z INFO GitHubActionsService] AAD Correlation ID for this token request: Unknown
[2026-09-27 10:47:09Z INFO BrokerMessageListener] Session created.
[2026-09-27 10:47:09Z INFO Terminal] WRITE LINE: Current runner version: '2.337.0'
[2026-09-27 10:47:09Z INFO Terminal] WRITE LINE: 2026-09-27 10:47:09Z: Listening for Jobs
[2026-09-27 10:47:09Z INFO JobDispatcher] Set runner/worker IPC timeout to 30 seconds.
[2026-09-27 10:47:17Z INFO JobDispatcher] Job cancellation request 4780a2ab-4a70-59c1-9921-58fdeb0ad096 received, cancellation timeout 5 minutes.
[2026-09-27 10:47:17Z INFO JobDispatcher] Job cancellation request 4780a2ab-4a70-59c1-9921-58fdeb0ad096 received, cancellation timeout 5 minutes.
[2026-09-27 10:47:17Z INFO JobDispatcher] Job cancellation request 4780a2ab-4a70-59c1-9921-58fdeb0ad096 received, cancellation timeout 5 minutes.
[2026-09-27 10:47:17Z INFO JobDispatcher] Job cancellation request 4780a2ab-4a70-59c1-9921-58fdeb0ad096 received, cancellation timeout 5 minutes.
[2026-09-27 10:52:17Z INFO BrokerMessageListener] Acknowledging runner request '24d3969e-ff18-5ae3-9cca-9aef70d468d1'.
[2026-09-27 10:52:17Z INFO ConfigurationStore] HasCredentials()
[2026-09-27 10:52:17Z INFO ConfigurationStore] stored True
[2026-09-27 10:52:17Z INFO CredentialManager] GetCredentialProvider
[2026-09-27 10:52:17Z INFO CredentialManager] Creating type OAuth
[2026-09-27 10:52:17Z INFO CredentialManager] Creating credential type: OAuth
[2026-09-27 10:52:17Z INFO RSAEncryptedFileKeyManager] Loading RSA key parameters from file C:\Users\chenz\Downloads\terraform-nca\actions-runner\.credentials_rsaparams
[2026-09-27 10:52:17Z INFO RSAEncryptedFileKeyManager] Loading RSA key parameters from file C:\Users\chenz\Downloads\terraform-nca\actions-runner\.credentials_rsaparams
[2026-09-27 10:52:17Z INFO RSAEncryptedFileKeyManager] Loading RSA key parameters from file C:\Users\chenz\Downloads\terraform-nca\actions-runner\.credentials_rsaparams
[2026-09-27 10:52:17Z INFO GitHubActionsService] AAD Correlation ID for this token request: Unknown
[2026-09-27 10:52:18Z INFO JobDispatcher] Job request 0 for plan f416f93b-8c7f-44b1-9d25-6815a1b1790d job 24d3969e-ff18-5ae3-9cca-9aef70d468d1 received.
[2026-09-27 10:52:18Z INFO JobDispatcher] Pull OrchestrationId f416f93b-8c7f-44b1-9d25-6815a1b1790d.terraform.__default from JWT claims
[2026-09-27 10:52:18Z INFO BrokerMessageListener] Received job status event. JobState: Busy
[2026-09-27 10:52:18Z INFO BrokerMessageListener] _getMessagesTokenSource is already disposed.
[2026-09-27 10:52:18Z INFO Terminal] WRITE LINE: 2026-09-27 10:52:18Z: Running job: terraform
[2026-09-27 10:52:18Z INFO JobDispatcher] Start renew job request 0 for job 24d3969e-ff18-5ae3-9cca-9aef70d468d1.
[2026-09-27 10:52:19Z INFO JobDispatcher] Successfully renew job 24d3969e-ff18-5ae3-9cca-9aef70d468d1, job is valid till 27-9-2026 11:02:13
[2026-09-27 10:52:19Z INFO HostContext] Well known directory 'Bin': 'C:\Users\chenz\Downloads\terraform-nca\actions-runner\bin'
[2026-09-27 10:52:19Z INFO ProcessInvokerWrapper] Starting process:
[2026-09-27 10:52:19Z INFO ProcessInvokerWrapper]   File name: 'C:\Users\chenz\Downloads\terraform-nca\actions-runner\bin\Runner.Worker.exe'
[2026-09-27 10:52:19Z INFO ProcessInvokerWrapper]   Arguments: 'spawnclient 1668 2128'
[2026-09-27 10:52:19Z INFO ProcessInvokerWrapper]   Working directory: 'C:\Users\chenz\Downloads\terraform-nca\actions-runner\bin'
[2026-09-27 10:52:19Z INFO ProcessInvokerWrapper]   Require exit code zero: 'False'
[2026-09-27 10:52:19Z INFO ProcessInvokerWrapper]   Encoding web name:  ; code page: ''
[2026-09-27 10:52:19Z INFO ProcessInvokerWrapper]   Force kill process on cancellation: 'True'
[2026-09-27 10:52:19Z INFO ProcessInvokerWrapper]   Redirected STDIN: 'False'
[2026-09-27 10:52:19Z INFO ProcessInvokerWrapper]   Persist current code page: 'False'
[2026-09-27 10:52:19Z INFO ProcessInvokerWrapper]   Keep redirected STDIN open: 'False'
[2026-09-27 10:52:19Z INFO ProcessInvokerWrapper]   High priority process: 'True'
[2026-09-27 10:52:19Z INFO JobDispatcher] Send job request message to worker for job 24d3969e-ff18-5ae3-9cca-9aef70d468d1.
[2026-09-27 10:52:19Z INFO ProcessChannel] Sending message of length 22538, with hash 'b0a5b85dc8f3933f249f614ce532a8e35db3faa5676b2e34c3c79c7ae20eaed8'
[2026-09-27 10:52:19Z INFO BrokerMessageListener] Received job status event. JobState: Online
[2026-09-27 10:52:19Z WARN GitHubActionsService] GET request to https://broker.actions.githubusercontent.com/message?sessionId=f6073fd6-bef7-4189-80fe-1066f3dbd117&status=Busy&runnerVersion=2.337.0&os=Windows&architecture=X64&disableUpdate=false has been cancelled.
[2026-09-27 10:52:19Z ERR  BrokerServer] Catch exception during request
[2026-09-27 10:52:19Z ERR  BrokerServer] System.Threading.Tasks.TaskCanceledException: The operation was canceled.
 ---> System.Threading.Tasks.TaskCanceledException: The operation was canceled.
 ---> System.IO.IOException: Unable to read data from the transport connection: De I/O-bewerking is afgebroken vanwege het afsluiten van een thread of vanwege een opdracht van een toepassing..
 ---> System.Net.Sockets.SocketException (995): De I/O-bewerking is afgebroken vanwege het afsluiten van een thread of vanwege een opdracht van een toepassing.
   --- End of inner exception stack trace ---
   at System.Net.Sockets.Socket.AwaitableSocketAsyncEventArgs.ThrowException(SocketError error, CancellationToken cancellationToken)
   at System.Net.Sockets.Socket.AwaitableSocketAsyncEventArgs.System.Threading.Tasks.Sources.IValueTaskSource<System.Int32>.GetResult(Int16 token)
   at System.Net.Security.SslStream.EnsureFullTlsFrameAsync[TIOAdapter](CancellationToken cancellationToken, Int32 estimatedSize)
   at System.Runtime.CompilerServices.PoolingAsyncValueTaskMethodBuilder`1.StateMachineBox`1.System.Threading.Tasks.Sources.IValueTaskSource<TResult>.GetResult(Int16 token)
   at System.Net.Security.SslStream.ReadAsyncInternal[TIOAdapter](Memory`1 buffer, CancellationToken cancellationToken)
   at System.Runtime.CompilerServices.PoolingAsyncValueTaskMethodBuilder`1.StateMachineBox`1.System.Threading.Tasks.Sources.IValueTaskSource<TResult>.GetResult(Int16 token)
   at System.Net.Http.HttpConnection.SendAsync(HttpRequestMessage request, Boolean async, CancellationToken cancellationToken)
   --- End of inner exception stack trace ---
   at System.Net.Http.HttpConnection.SendAsync(HttpRequestMessage request, Boolean async, CancellationToken cancellationToken)
   at System.Net.Http.AuthenticationHelper.SendWithNtAuthAsync(HttpRequestMessage request, Uri authUri, Boolean async, ICredentials credentials, Boolean isProxyAuth, HttpConnection connection, HttpConnectionPool connectionPool, CancellationToken cancellationToken)
   at System.Net.Http.HttpConnectionPool.SendWithVersionDetectionAndRetryAsync(HttpRequestMessage request, Boolean async, Boolean doRequestAuth, CancellationToken cancellationToken)
   at System.Net.Http.AuthenticationHelper.SendWithAuthAsync(HttpRequestMessage request, Uri authUri, Boolean async, ICredentials credentials, Boolean preAuthenticate, Boolean isProxyAuth, Boolean doRequestAuth, HttpConnectionPool pool, CancellationToken cancellationToken)
   at System.Net.Http.RedirectHandler.SendAsync(HttpRequestMessage request, Boolean async, CancellationToken cancellationToken)
   at GitHub.Services.Common.RawHttpMessageHandler.SendAsync(HttpRequestMessage request, CancellationToken cancellationToken)
   at GitHub.Services.Common.VssHttpRetryMessageHandler.SendAsync(HttpRequestMessage request, CancellationToken cancellationToken)
   at System.Net.Http.HttpClient.<SendAsync>g__Core|83_0(HttpRequestMessage request, HttpCompletionOption completionOption, CancellationTokenSource cts, Boolean disposeCts, CancellationTokenSource pendingRequestsCts, CancellationToken originalCancellationToken)
   --- End of inner exception stack trace ---
   at System.Net.Http.HttpClient.HandleFailure(Exception e, Boolean telemetryStarted, HttpResponseMessage response, CancellationTokenSource cts, CancellationToken cancellationToken, CancellationTokenSource pendingRequestsCts)
   at System.Net.Http.HttpClient.<SendAsync>g__Core|83_0(HttpRequestMessage request, HttpCompletionOption completionOption, CancellationTokenSource cts, Boolean disposeCts, CancellationTokenSource pendingRequestsCts, CancellationToken originalCancellationToken)
   at Sdk.WebApi.WebApi.RawHttpClientBase.SendAsync(HttpRequestMessage message, HttpCompletionOption completionOption, Object userState, CancellationToken cancellationToken)
   at Sdk.WebApi.WebApi.RawHttpClientBase.SendAsync[T](HttpRequestMessage message, Boolean readErrorBody, Object userState, CancellationToken cancellationToken)
   at Sdk.WebApi.WebApi.RawHttpClientBase.SendAsync[T](HttpMethod method, IEnumerable`1 additionalHeaders, Uri requestUri, HttpContent content, IEnumerable`1 queryParameters, Boolean readErrorBody, Object userState, CancellationToken cancellationToken)
   at GitHub.Actions.RunService.WebApi.BrokerHttpClient.GetRunnerMessageAsync(Nullable`1 sessionId, String runnerVersion, Nullable`1 status, String os, String architecture, Nullable`1 disableUpdate, CancellationToken cancellationToken)
   at GitHub.Runner.Common.BrokerServer.<>c__DisplayClass7_0.<<GetRunnerMessageAsync>b__0>d.MoveNext()
--- End of stack trace from previous location ---
   at GitHub.Runner.Common.RunnerService.RetryRequest[T](Func`1 func, CancellationToken cancellationToken, Int32 maxAttempts, Func`2 shouldRetry)
[2026-09-27 10:52:19Z ERR  BrokerServer] #####################################################
[2026-09-27 10:52:19Z ERR  BrokerServer] System.Threading.Tasks.TaskCanceledException: The operation was canceled.
 ---> System.IO.IOException: Unable to read data from the transport connection: De I/O-bewerking is afgebroken vanwege het afsluiten van een thread of vanwege een opdracht van een toepassing..
 ---> System.Net.Sockets.SocketException (995): De I/O-bewerking is afgebroken vanwege het afsluiten van een thread of vanwege een opdracht van een toepassing.
   --- End of inner exception stack trace ---
   at System.Net.Sockets.Socket.AwaitableSocketAsyncEventArgs.ThrowException(SocketError error, CancellationToken cancellationToken)
   at System.Net.Sockets.Socket.AwaitableSocketAsyncEventArgs.System.Threading.Tasks.Sources.IValueTaskSource<System.Int32>.GetResult(Int16 token)
   at System.Net.Security.SslStream.EnsureFullTlsFrameAsync[TIOAdapter](CancellationToken cancellationToken, Int32 estimatedSize)
   at System.Runtime.CompilerServices.PoolingAsyncValueTaskMethodBuilder`1.StateMachineBox`1.System.Threading.Tasks.Sources.IValueTaskSource<TResult>.GetResult(Int16 token)
   at System.Net.Security.SslStream.ReadAsyncInternal[TIOAdapter](Memory`1 buffer, CancellationToken cancellationToken)
   at System.Runtime.CompilerServices.PoolingAsyncValueTaskMethodBuilder`1.StateMachineBox`1.System.Threading.Tasks.Sources.IValueTaskSource<TResult>.GetResult(Int16 token)
   at System.Net.Http.HttpConnection.SendAsync(HttpRequestMessage request, Boolean async, CancellationToken cancellationToken)
   --- End of inner exception stack trace ---
   at System.Net.Http.HttpConnection.SendAsync(HttpRequestMessage request, Boolean async, CancellationToken cancellationToken)
   at System.Net.Http.AuthenticationHelper.SendWithNtAuthAsync(HttpRequestMessage request, Uri authUri, Boolean async, ICredentials credentials, Boolean isProxyAuth, HttpConnection connection, HttpConnectionPool connectionPool, CancellationToken cancellationToken)
   at System.Net.Http.HttpConnectionPool.SendWithVersionDetectionAndRetryAsync(HttpRequestMessage request, Boolean async, Boolean doRequestAuth, CancellationToken cancellationToken)
   at System.Net.Http.AuthenticationHelper.SendWithAuthAsync(HttpRequestMessage request, Uri authUri, Boolean async, ICredentials credentials, Boolean preAuthenticate, Boolean isProxyAuth, Boolean doRequestAuth, HttpConnectionPool pool, CancellationToken cancellationToken)
   at System.Net.Http.RedirectHandler.SendAsync(HttpRequestMessage request, Boolean async, CancellationToken cancellationToken)
   at GitHub.Services.Common.RawHttpMessageHandler.SendAsync(HttpRequestMessage request, CancellationToken cancellationToken)
   at GitHub.Services.Common.VssHttpRetryMessageHandler.SendAsync(HttpRequestMessage request, CancellationToken cancellationToken)
   at System.Net.Http.HttpClient.<SendAsync>g__Core|83_0(HttpRequestMessage request, HttpCompletionOption completionOption, CancellationTokenSource cts, Boolean disposeCts, CancellationTokenSource pendingRequestsCts, CancellationToken originalCancellationToken)
[2026-09-27 10:52:19Z ERR  BrokerServer] #####################################################
[2026-09-27 10:52:19Z ERR  BrokerServer] System.IO.IOException: Unable to read data from the transport connection: De I/O-bewerking is afgebroken vanwege het afsluiten van een thread of vanwege een opdracht van een toepassing..
 ---> System.Net.Sockets.SocketException (995): De I/O-bewerking is afgebroken vanwege het afsluiten van een thread of vanwege een opdracht van een toepassing.
   --- End of inner exception stack trace ---
   at System.Net.Sockets.Socket.AwaitableSocketAsyncEventArgs.ThrowException(SocketError error, CancellationToken cancellationToken)
   at System.Net.Sockets.Socket.AwaitableSocketAsyncEventArgs.System.Threading.Tasks.Sources.IValueTaskSource<System.Int32>.GetResult(Int16 token)
   at System.Net.Security.SslStream.EnsureFullTlsFrameAsync[TIOAdapter](CancellationToken cancellationToken, Int32 estimatedSize)
   at System.Runtime.CompilerServices.PoolingAsyncValueTaskMethodBuilder`1.StateMachineBox`1.System.Threading.Tasks.Sources.IValueTaskSource<TResult>.GetResult(Int16 token)
   at System.Net.Security.SslStream.ReadAsyncInternal[TIOAdapter](Memory`1 buffer, CancellationToken cancellationToken)
   at System.Runtime.CompilerServices.PoolingAsyncValueTaskMethodBuilder`1.StateMachineBox`1.System.Threading.Tasks.Sources.IValueTaskSource<TResult>.GetResult(Int16 token)
   at System.Net.Http.HttpConnection.SendAsync(HttpRequestMessage request, Boolean async, CancellationToken cancellationToken)
[2026-09-27 10:52:19Z ERR  BrokerServer] #####################################################
[2026-09-27 10:52:19Z ERR  BrokerServer] System.Net.Sockets.SocketException (995): De I/O-bewerking is afgebroken vanwege het afsluiten van een thread of vanwege een opdracht van een toepassing.
[2026-09-27 10:52:19Z WARN BrokerServer] Back off 6,405 seconds before next retry. 4 attempt left.
[2026-09-27 10:52:19Z INFO BrokerMessageListener] Get messages has been cancelled using local token source. Continue to get messages with new status.
[2026-09-27 10:53:19Z INFO JobDispatcher] Successfully renew job 24d3969e-ff18-5ae3-9cca-9aef70d468d1, job is valid till 27-9-2026 11:03:13
[2026-09-27 10:54:19Z INFO JobDispatcher] Successfully renew job 24d3969e-ff18-5ae3-9cca-9aef70d468d1, job is valid till 27-9-2026 11:04:13
[2026-09-27 10:55:19Z INFO JobDispatcher] Successfully renew job 24d3969e-ff18-5ae3-9cca-9aef70d468d1, job is valid till 27-9-2026 11:05:13
[2026-09-27 10:56:09Z INFO HostContext] Runner will be shutdown for UserCancelled
[2026-09-27 10:56:09Z WARN GitHubActionsService] GET request to https://broker.actions.githubusercontent.com/message?sessionId=f6073fd6-bef7-4189-80fe-1066f3dbd117&status=Online&runnerVersion=2.337.0&os=Windows&architecture=X64&disableUpdate=false has been cancelled.
[2026-09-27 10:56:09Z ERR  BrokerServer] Catch exception during request
[2026-09-27 10:56:09Z ERR  BrokerServer] System.Threading.Tasks.TaskCanceledException: The operation was canceled.
 ---> System.Threading.Tasks.TaskCanceledException: The operation was canceled.
 ---> System.IO.IOException: Unable to read data from the transport connection: De I/O-bewerking is afgebroken vanwege het afsluiten van een thread of vanwege een opdracht van een toepassing..
 ---> System.Net.Sockets.SocketException (995): De I/O-bewerking is afgebroken vanwege het afsluiten van een thread of vanwege een opdracht van een toepassing.
   --- End of inner exception stack trace ---
   at System.Net.Sockets.Socket.AwaitableSocketAsyncEventArgs.ThrowException(SocketError error, CancellationToken cancellationToken)
   at System.Net.Sockets.Socket.AwaitableSocketAsyncEventArgs.System.Threading.Tasks.Sources.IValueTaskSource<System.Int32>.GetResult(Int16 token)
   at System.Net.Security.SslStream.EnsureFullTlsFrameAsync[TIOAdapter](CancellationToken cancellationToken, Int32 estimatedSize)
   at System.Runtime.CompilerServices.PoolingAsyncValueTaskMethodBuilder`1.StateMachineBox`1.System.Threading.Tasks.Sources.IValueTaskSource<TResult>.GetResult(Int16 token)
   at System.Net.Security.SslStream.ReadAsyncInternal[TIOAdapter](Memory`1 buffer, CancellationToken cancellationToken)
   at System.Runtime.CompilerServices.PoolingAsyncValueTaskMethodBuilder`1.StateMachineBox`1.System.Threading.Tasks.Sources.IValueTaskSource<TResult>.GetResult(Int16 token)
   at System.Net.Http.HttpConnection.SendAsync(HttpRequestMessage request, Boolean async, CancellationToken cancellationToken)
   --- End of inner exception stack trace ---
   at System.Net.Http.HttpConnection.SendAsync(HttpRequestMessage request, Boolean async, CancellationToken cancellationToken)
   at System.Net.Http.AuthenticationHelper.SendWithNtAuthAsync(HttpRequestMessage request, Uri authUri, Boolean async, ICredentials credentials, Boolean isProxyAuth, HttpConnection connection, HttpConnectionPool connectionPool, CancellationToken cancellationToken)
   at System.Net.Http.HttpConnectionPool.SendWithVersionDetectionAndRetryAsync(HttpRequestMessage request, Boolean async, Boolean doRequestAuth, CancellationToken cancellationToken)
   at System.Net.Http.AuthenticationHelper.SendWithAuthAsync(HttpRequestMessage request, Uri authUri, Boolean async, ICredentials credentials, Boolean preAuthenticate, Boolean isProxyAuth, Boolean doRequestAuth, HttpConnectionPool pool, CancellationToken cancellationToken)
   at System.Net.Http.RedirectHandler.SendAsync(HttpRequestMessage request, Boolean async, CancellationToken cancellationToken)
   at GitHub.Services.Common.RawHttpMessageHandler.SendAsync(HttpRequestMessage request, CancellationToken cancellationToken)
   at GitHub.Services.Common.VssHttpRetryMessageHandler.SendAsync(HttpRequestMessage request, CancellationToken cancellationToken)
   at System.Net.Http.HttpClient.<SendAsync>g__Core|83_0(HttpRequestMessage request, HttpCompletionOption completionOption, CancellationTokenSource cts, Boolean disposeCts, CancellationTokenSource pendingRequestsCts, CancellationToken originalCancellationToken)
   --- End of inner exception stack trace ---
   at System.Net.Http.HttpClient.HandleFailure(Exception e, Boolean telemetryStarted, HttpResponseMessage response, CancellationTokenSource cts, CancellationToken cancellationToken, CancellationTokenSource pendingRequestsCts)
   at System.Net.Http.HttpClient.<SendAsync>g__Core|83_0(HttpRequestMessage request, HttpCompletionOption completionOption, CancellationTokenSource cts, Boolean disposeCts, CancellationTokenSource pendingRequestsCts, CancellationToken originalCancellationToken)
   at Sdk.WebApi.WebApi.RawHttpClientBase.SendAsync(HttpRequestMessage message, HttpCompletionOption completionOption, Object userState, CancellationToken cancellationToken)
   at Sdk.WebApi.WebApi.RawHttpClientBase.SendAsync[T](HttpRequestMessage message, Boolean readErrorBody, Object userState, CancellationToken cancellationToken)
   at Sdk.WebApi.WebApi.RawHttpClientBase.SendAsync[T](HttpMethod method, IEnumerable`1 additionalHeaders, Uri requestUri, HttpContent content, IEnumerable`1 queryParameters, Boolean readErrorBody, Object userState, CancellationToken cancellationToken)
   at GitHub.Actions.RunService.WebApi.BrokerHttpClient.GetRunnerMessageAsync(Nullable`1 sessionId, String runnerVersion, Nullable`1 status, String os, String architecture, Nullable`1 disableUpdate, CancellationToken cancellationToken)
   at GitHub.Runner.Common.BrokerServer.<>c__DisplayClass7_0.<<GetRunnerMessageAsync>b__0>d.MoveNext()
--- End of stack trace from previous location ---
   at GitHub.Runner.Common.RunnerService.RetryRequest[T](Func`1 func, CancellationToken cancellationToken, Int32 maxAttempts, Func`2 shouldRetry)
[2026-09-27 10:56:09Z ERR  BrokerServer] #####################################################
[2026-09-27 10:56:09Z ERR  BrokerServer] System.Threading.Tasks.TaskCanceledException: The operation was canceled.
 ---> System.IO.IOException: Unable to read data from the transport connection: De I/O-bewerking is afgebroken vanwege het afsluiten van een thread of vanwege een opdracht van een toepassing..
 ---> System.Net.Sockets.SocketException (995): De I/O-bewerking is afgebroken vanwege het afsluiten van een thread of vanwege een opdracht van een toepassing.
   --- End of inner exception stack trace ---
   at System.Net.Sockets.Socket.AwaitableSocketAsyncEventArgs.ThrowException(SocketError error, CancellationToken cancellationToken)
   at System.Net.Sockets.Socket.AwaitableSocketAsyncEventArgs.System.Threading.Tasks.Sources.IValueTaskSource<System.Int32>.GetResult(Int16 token)
   at System.Net.Security.SslStream.EnsureFullTlsFrameAsync[TIOAdapter](CancellationToken cancellationToken, Int32 estimatedSize)
   at System.Runtime.CompilerServices.PoolingAsyncValueTaskMethodBuilder`1.StateMachineBox`1.System.Threading.Tasks.Sources.IValueTaskSource<TResult>.GetResult(Int16 token)
   at System.Net.Security.SslStream.ReadAsyncInternal[TIOAdapter](Memory`1 buffer, CancellationToken cancellationToken)
   at System.Runtime.CompilerServices.PoolingAsyncValueTaskMethodBuilder`1.StateMachineBox`1.System.Threading.Tasks.Sources.IValueTaskSource<TResult>.GetResult(Int16 token)
   at System.Net.Http.HttpConnection.SendAsync(HttpRequestMessage request, Boolean async, CancellationToken cancellationToken)
   --- End of inner exception stack trace ---
   at System.Net.Http.HttpConnection.SendAsync(HttpRequestMessage request, Boolean async, CancellationToken cancellationToken)
   at System.Net.Http.AuthenticationHelper.SendWithNtAuthAsync(HttpRequestMessage request, Uri authUri, Boolean async, ICredentials credentials, Boolean isProxyAuth, HttpConnection connection, HttpConnectionPool connectionPool, CancellationToken cancellationToken)
   at System.Net.Http.HttpConnectionPool.SendWithVersionDetectionAndRetryAsync(HttpRequestMessage request, Boolean async, Boolean doRequestAuth, CancellationToken cancellationToken)
   at System.Net.Http.AuthenticationHelper.SendWithAuthAsync(HttpRequestMessage request, Uri authUri, Boolean async, ICredentials credentials, Boolean preAuthenticate, Boolean isProxyAuth, Boolean doRequestAuth, HttpConnectionPool pool, CancellationToken cancellationToken)
   at System.Net.Http.RedirectHandler.SendAsync(HttpRequestMessage request, Boolean async, CancellationToken cancellationToken)
   at GitHub.Services.Common.RawHttpMessageHandler.SendAsync(HttpRequestMessage request, CancellationToken cancellationToken)
   at GitHub.Services.Common.VssHttpRetryMessageHandler.SendAsync(HttpRequestMessage request, CancellationToken cancellationToken)
   at System.Net.Http.HttpClient.<SendAsync>g__Core|83_0(HttpRequestMessage request, HttpCompletionOption completionOption, CancellationTokenSource cts, Boolean disposeCts, CancellationTokenSource pendingRequestsCts, CancellationToken originalCancellationToken)
[2026-09-27 10:56:09Z ERR  BrokerServer] #####################################################
[2026-09-27 10:56:09Z ERR  BrokerServer] System.IO.IOException: Unable to read data from the transport connection: De I/O-bewerking is afgebroken vanwege het afsluiten van een thread of vanwege een opdracht van een toepassing..
 ---> System.Net.Sockets.SocketException (995): De I/O-bewerking is afgebroken vanwege het afsluiten van een thread of vanwege een opdracht van een toepassing.
   --- End of inner exception stack trace ---
   at System.Net.Sockets.Socket.AwaitableSocketAsyncEventArgs.ThrowException(SocketError error, CancellationToken cancellationToken)
   at System.Net.Sockets.Socket.AwaitableSocketAsyncEventArgs.System.Threading.Tasks.Sources.IValueTaskSource<System.Int32>.GetResult(Int16 token)
   at System.Net.Security.SslStream.EnsureFullTlsFrameAsync[TIOAdapter](CancellationToken cancellationToken, Int32 estimatedSize)
   at System.Runtime.CompilerServices.PoolingAsyncValueTaskMethodBuilder`1.StateMachineBox`1.System.Threading.Tasks.Sources.IValueTaskSource<TResult>.GetResult(Int16 token)
   at System.Net.Security.SslStream.ReadAsyncInternal[TIOAdapter](Memory`1 buffer, CancellationToken cancellationToken)
   at System.Runtime.CompilerServices.PoolingAsyncValueTaskMethodBuilder`1.StateMachineBox`1.System.Threading.Tasks.Sources.IValueTaskSource<TResult>.GetResult(Int16 token)
   at System.Net.Http.HttpConnection.SendAsync(HttpRequestMessage request, Boolean async, CancellationToken cancellationToken)
[2026-09-27 10:56:09Z ERR  BrokerServer] #####################################################
[2026-09-27 10:56:09Z ERR  BrokerServer] System.Net.Sockets.SocketException (995): De I/O-bewerking is afgebroken vanwege het afsluiten van een thread of vanwege een opdracht van een toepassing.
[2026-09-27 10:56:09Z WARN BrokerServer] Back off 5,222 seconds before next retry. 4 attempt left.
[2026-09-27 10:56:09Z INFO BrokerMessageListener] Get next message has been cancelled.
[2026-09-27 10:56:09Z INFO JobDispatcher] Shutting down JobDispatcher. Make sure all WorkerDispatcher has finished.
[2026-09-27 10:56:09Z INFO JobDispatcher] Ensure WorkerDispatcher for job 24d3969e-ff18-5ae3-9cca-9aef70d468d1 run to finish, cancel any running job.
[2026-09-27 10:56:09Z ERR  JobDispatcher] Worker Dispatch failed with an exception for job request 24d3969e-ff18-5ae3-9cca-9aef70d468d1.
[2026-09-27 10:56:09Z ERR  JobDispatcher] System.IO.IOException: Pipe is broken.
   at System.IO.Pipes.PipeStream.WriteCore(ReadOnlySpan`1 buffer)
   at System.IO.Pipes.PipeStream.<>c.<AsyncOverSyncWrite>b__78_0(ValueTuple`2 s)
   at System.Threading.AsyncOverSyncWithIoCancellation.InvokeAsync[TState](Action`1 action, TState state, CancellationToken cancellationToken)
   at System.Runtime.CompilerServices.PoolingAsyncValueTaskMethodBuilder`1.StateMachineBox`1.System.Threading.Tasks.Sources.IValueTaskSource.GetResult(Int16 token)
   at System.Threading.Tasks.ValueTask.ValueTaskSourceAsTask.<>c.<.cctor>b__4_0(Object state)
--- End of stack trace from previous location ---
   at GitHub.Runner.Common.Extensions.WithCancellation(Task task, CancellationToken cancellationToken)
   at GitHub.Runner.Common.StreamString.WriteInt32Async(Int32 value, CancellationToken cancellationToken)
   at GitHub.Runner.Common.ProcessChannel.SendAsync(MessageType messageType, String body, CancellationToken cancellationToken)
   at GitHub.Runner.Listener.JobDispatcher.RunAsync(AgentJobRequestMessage message, String orchestrationId, WorkerDispatcher previousJobDispatch, CancellationToken jobRequestCancellationToken, CancellationToken workerCancelTimeoutKillToken)
   at GitHub.Runner.Listener.JobDispatcher.EnsureDispatchFinished(WorkerDispatcher jobDispatch, Boolean cancelRunningJob)
[2026-09-27 10:56:09Z INFO Runner] Deleting Runner Session...
[2026-09-27 10:56:10Z INFO Listener] Runner execution been cancelled.
