[2026-09-27 10:56:30Z INFO HostContext] No proxy settings were found based on environmental variables (http_proxy/https_proxy/HTTP_PROXY/HTTPS_PROXY)
[2026-09-27 10:56:30Z INFO HostContext] Well known directory 'Bin': 'C:\Users\chenz\Downloads\terraform-nca\actions-runner\bin'
[2026-09-27 10:56:30Z INFO HostContext] Well known directory 'Root': 'C:\Users\chenz\Downloads\terraform-nca\actions-runner'
[2026-09-27 10:56:30Z INFO HostContext] Well known config file 'Credentials': 'C:\Users\chenz\Downloads\terraform-nca\actions-runner\.credentials'
[2026-09-27 10:56:30Z INFO HostContext] Well known directory 'Bin': 'C:\Users\chenz\Downloads\terraform-nca\actions-runner\bin'
[2026-09-27 10:56:30Z INFO HostContext] Well known directory 'Root': 'C:\Users\chenz\Downloads\terraform-nca\actions-runner'
[2026-09-27 10:56:30Z INFO HostContext] Well known config file 'Runner': 'C:\Users\chenz\Downloads\terraform-nca\actions-runner\.runner'
[2026-09-27 10:56:30Z INFO Listener] Runner is built for Windows (X64) - win-x64.
[2026-09-27 10:56:30Z INFO Listener] RuntimeInformation: Microsoft Windows 10.0.26200.
[2026-09-27 10:56:30Z INFO Listener] Version: 2.337.0
[2026-09-27 10:56:30Z INFO Listener] Commit: 397b032cbf865e9c3ddfab89d533ec19325e1273
[2026-09-27 10:56:30Z INFO Listener] Culture: nl-NL
[2026-09-27 10:56:30Z INFO Listener] UI Culture: nl-NL
[2026-09-27 10:56:30Z INFO HostContext] Well known directory 'Bin': 'C:\Users\chenz\Downloads\terraform-nca\actions-runner\bin'
[2026-09-27 10:56:30Z INFO HostContext] Well known directory 'Root': 'C:\Users\chenz\Downloads\terraform-nca\actions-runner'
[2026-09-27 10:56:30Z INFO Listener] Validating directory permissions for: 'C:\Users\chenz\Downloads\terraform-nca\actions-runner'
[2026-09-27 10:56:30Z INFO CommandLineParser] Parse
[2026-09-27 10:56:30Z INFO CommandLineParser] Parsing 1 args
[2026-09-27 10:56:30Z INFO CommandLineParser] parsing argument
[2026-09-27 10:56:30Z INFO CommandLineParser] HasArgs: False
[2026-09-27 10:56:30Z INFO CommandLineParser] Adding Command: run
[2026-09-27 10:56:30Z INFO Listener] Arguments parsed
[2026-09-27 10:56:30Z INFO Runner] ExecuteCommand
[2026-09-27 10:56:30Z INFO ConfigurationStore] currentAssemblyLocation: C:\Users\chenz\Downloads\terraform-nca\actions-runner\bin\Runner.Listener.dll
[2026-09-27 10:56:30Z INFO HostContext] Well known directory 'Bin': 'C:\Users\chenz\Downloads\terraform-nca\actions-runner\bin'
[2026-09-27 10:56:30Z INFO ConfigurationStore] binPath: C:\Users\chenz\Downloads\terraform-nca\actions-runner\bin
[2026-09-27 10:56:30Z INFO HostContext] Well known directory 'Bin': 'C:\Users\chenz\Downloads\terraform-nca\actions-runner\bin'
[2026-09-27 10:56:30Z INFO HostContext] Well known directory 'Root': 'C:\Users\chenz\Downloads\terraform-nca\actions-runner'
[2026-09-27 10:56:30Z INFO ConfigurationStore] RootFolder: C:\Users\chenz\Downloads\terraform-nca\actions-runner
[2026-09-27 10:56:30Z INFO HostContext] Well known directory 'Bin': 'C:\Users\chenz\Downloads\terraform-nca\actions-runner\bin'
[2026-09-27 10:56:30Z INFO HostContext] Well known directory 'Root': 'C:\Users\chenz\Downloads\terraform-nca\actions-runner'
[2026-09-27 10:56:30Z INFO HostContext] Well known config file 'Runner': 'C:\Users\chenz\Downloads\terraform-nca\actions-runner\.runner'
[2026-09-27 10:56:30Z INFO ConfigurationStore] ConfigFilePath: C:\Users\chenz\Downloads\terraform-nca\actions-runner\.runner
[2026-09-27 10:56:30Z INFO HostContext] Well known directory 'Bin': 'C:\Users\chenz\Downloads\terraform-nca\actions-runner\bin'
[2026-09-27 10:56:30Z INFO HostContext] Well known directory 'Root': 'C:\Users\chenz\Downloads\terraform-nca\actions-runner'
[2026-09-27 10:56:30Z INFO HostContext] Well known config file 'MigratedRunner': 'C:\Users\chenz\Downloads\terraform-nca\actions-runner\.runner_migrated'
[2026-09-27 10:56:30Z INFO ConfigurationStore] MigratedConfigFilePath: C:\Users\chenz\Downloads\terraform-nca\actions-runner\.runner_migrated
[2026-09-27 10:56:30Z INFO HostContext] Well known directory 'Bin': 'C:\Users\chenz\Downloads\terraform-nca\actions-runner\bin'
[2026-09-27 10:56:30Z INFO HostContext] Well known directory 'Root': 'C:\Users\chenz\Downloads\terraform-nca\actions-runner'
[2026-09-27 10:56:30Z INFO HostContext] Well known config file 'Credentials': 'C:\Users\chenz\Downloads\terraform-nca\actions-runner\.credentials'
[2026-09-27 10:56:30Z INFO ConfigurationStore] CredFilePath: C:\Users\chenz\Downloads\terraform-nca\actions-runner\.credentials
[2026-09-27 10:56:30Z INFO HostContext] Well known directory 'Bin': 'C:\Users\chenz\Downloads\terraform-nca\actions-runner\bin'
[2026-09-27 10:56:30Z INFO HostContext] Well known directory 'Root': 'C:\Users\chenz\Downloads\terraform-nca\actions-runner'
[2026-09-27 10:56:30Z INFO HostContext] Well known config file 'MigratedCredentials': 'C:\Users\chenz\Downloads\terraform-nca\actions-runner\.credentials_migrated'
[2026-09-27 10:56:30Z INFO ConfigurationStore] MigratedCredFilePath: C:\Users\chenz\Downloads\terraform-nca\actions-runner\.credentials_migrated
[2026-09-27 10:56:30Z INFO HostContext] Well known directory 'Bin': 'C:\Users\chenz\Downloads\terraform-nca\actions-runner\bin'
[2026-09-27 10:56:30Z INFO HostContext] Well known directory 'Root': 'C:\Users\chenz\Downloads\terraform-nca\actions-runner'
[2026-09-27 10:56:30Z INFO HostContext] Well known config file 'Service': 'C:\Users\chenz\Downloads\terraform-nca\actions-runner\.service'
[2026-09-27 10:56:30Z INFO ConfigurationStore] ServiceConfigFilePath: C:\Users\chenz\Downloads\terraform-nca\actions-runner\.service
[2026-09-27 10:56:30Z INFO CommandSettings] Flag 'help': 'False'
[2026-09-27 10:56:30Z INFO CommandSettings] Flag 'version': 'False'
[2026-09-27 10:56:30Z INFO CommandSettings] Flag 'commit': 'False'
[2026-09-27 10:56:30Z INFO CommandSettings] Flag 'check': 'False'
[2026-09-27 10:56:30Z INFO CommandSettings] Command 'configure': 'False'
[2026-09-27 10:56:30Z INFO CommandSettings] Command 'remove': 'False'
[2026-09-27 10:56:30Z INFO CommandSettings] Command 'warmup': 'False'
[2026-09-27 10:56:30Z INFO ConfigurationManager] LoadSettings
[2026-09-27 10:56:30Z INFO ConfigurationStore] IsConfigured()
[2026-09-27 10:56:30Z INFO ConfigurationStore] IsConfigured: True
[2026-09-27 10:56:30Z INFO ConfigurationManager] Is configured: True
[2026-09-27 10:56:30Z INFO ConfigurationStore] Read setting file: 398 chars
[2026-09-27 10:56:30Z INFO ConfigurationManager] Settings Loaded
[2026-09-27 10:56:30Z INFO ConfigurationStore] IsServiceConfigured()
[2026-09-27 10:56:30Z INFO ConfigurationStore] IsServiceConfigured: False
[2026-09-27 10:56:30Z INFO CommandSettings] Command 'run': 'True'
[2026-09-27 10:56:30Z INFO ConfigurationStore] IsConfigured()
[2026-09-27 10:56:30Z INFO ConfigurationStore] IsConfigured: True
[2026-09-27 10:56:30Z INFO ConfigurationManager] Is configured: True
[2026-09-27 10:56:30Z INFO Runner] Could not parse the argument value '' for StartupType. Defaulting to Manual
[2026-09-27 10:56:30Z INFO Runner] Set runner startup type - Manual
[2026-09-27 10:56:30Z INFO CommandSettings] Flag 'once': 'False'
[2026-09-27 10:56:30Z INFO CommandSettings] Flag 'once': 'False'
[2026-09-27 10:56:30Z INFO Runner] RunAsync
[2026-09-27 10:56:30Z INFO HostContext] Well known directory 'Bin': 'C:\Users\chenz\Downloads\terraform-nca\actions-runner\bin'
[2026-09-27 10:56:30Z INFO HostContext] Well known directory 'Root': 'C:\Users\chenz\Downloads\terraform-nca\actions-runner'
[2026-09-27 10:56:30Z INFO HostContext] Well known directory 'Work': 'C:\Users\chenz\Downloads\terraform-nca\actions-runner\_work'
[2026-09-27 10:56:30Z INFO Runner] Validating directory permissions for: 'C:\Users\chenz\Downloads\terraform-nca\actions-runner\_work'
[2026-09-27 10:56:30Z INFO ConfigurationManager] LoadMigratedSettings
[2026-09-27 10:56:30Z INFO ConfigurationStore] IsMigratedConfigured()
[2026-09-27 10:56:30Z INFO ConfigurationStore] IsMigratedConfigured: False
[2026-09-27 10:56:30Z INFO Runner] Failed to load migrated settings: No migrated configuration found.
[2026-09-27 10:56:30Z INFO Runner] Falling back to original .runner settings
[2026-09-27 10:56:30Z INFO Runner] Using BrokerMessageListener
[2026-09-27 10:56:30Z INFO BrokerMessageListener] Using provided settings
[2026-09-27 10:56:30Z INFO BrokerMessageListener] {
  "AgentId": 2,
  "AgentName": "ZINAN",
  "PoolId": 1,
  "PoolName": "Default",
  "ServerUrl": "https://pipelinesghubeus15.actions.githubusercontent.com/2WzNlrq9gB8vZ1VFT2Pk022Fg2NYtdQIW2zwJre3YGUQowYKVm/",
  "GitHubUrl": "https://github.com/chenzinan869-web/case-study-1",
  "WorkFolder": "_work",
  "UseV2Flow": true,
  "ServerUrlV2": "https://broker.actions.githubusercontent.com/"
}
[2026-09-27 10:56:30Z INFO BrokerMessageListener] Loading Credentials
[2026-09-27 10:56:30Z INFO ConfigurationStore] HasCredentials()
[2026-09-27 10:56:30Z INFO ConfigurationStore] stored True
[2026-09-27 10:56:30Z INFO CredentialManager] GetCredentialProvider
[2026-09-27 10:56:30Z INFO CredentialManager] Creating type OAuth
[2026-09-27 10:56:30Z INFO CredentialManager] Creating credential type: OAuth
[2026-09-27 10:56:30Z INFO HostContext] Well known directory 'Bin': 'C:\Users\chenz\Downloads\terraform-nca\actions-runner\bin'
[2026-09-27 10:56:30Z INFO HostContext] Well known directory 'Root': 'C:\Users\chenz\Downloads\terraform-nca\actions-runner'
[2026-09-27 10:56:30Z INFO HostContext] Well known config file 'RSACredentials': 'C:\Users\chenz\Downloads\terraform-nca\actions-runner\.credentials_rsaparams'
[2026-09-27 10:56:30Z INFO RSAEncryptedFileKeyManager] Loading RSA key parameters from file C:\Users\chenz\Downloads\terraform-nca\actions-runner\.credentials_rsaparams
[2026-09-27 10:56:30Z INFO BrokerMessageListener] Attempt to create session.
[2026-09-27 10:56:30Z INFO BrokerMessageListener] Connecting to the Broker Server...
[2026-09-27 10:56:30Z INFO ConfigurationStore] HasCredentials()
[2026-09-27 10:56:30Z INFO ConfigurationStore] stored True
[2026-09-27 10:56:30Z INFO CredentialManager] GetCredentialProvider
[2026-09-27 10:56:30Z INFO CredentialManager] Creating type OAuth
[2026-09-27 10:56:30Z INFO CredentialManager] Creating credential type: OAuth
[2026-09-27 10:56:30Z INFO RSAEncryptedFileKeyManager] Loading RSA key parameters from file C:\Users\chenz\Downloads\terraform-nca\actions-runner\.credentials_rsaparams
[2026-09-27 10:56:30Z INFO BrokerMessageListener] VssConnection created
[2026-09-27 10:56:30Z INFO BrokerMessageListener] Connecting to the Runner server...
[2026-09-27 10:56:30Z INFO RunnerServer] EstablishVssConnection
[2026-09-27 10:56:30Z INFO RunnerServer] Establish connection with 100 seconds timeout.
[2026-09-27 10:56:30Z INFO GitHubActionsService] Starting operation Location.GetConnectionData
[2026-09-27 10:56:30Z INFO RunnerServer] EstablishVssConnection
[2026-09-27 10:56:30Z INFO RunnerServer] Establish connection with 60 seconds timeout.
[2026-09-27 10:56:30Z INFO GitHubActionsService] Starting operation Location.GetConnectionData
[2026-09-27 10:56:30Z INFO RunnerServer] EstablishVssConnection
[2026-09-27 10:56:30Z INFO RunnerServer] Establish connection with 60 seconds timeout.
[2026-09-27 10:56:30Z INFO GitHubActionsService] Starting operation Location.GetConnectionData
[2026-09-27 10:56:30Z INFO GitHubActionsService] Finished operation Location.GetConnectionData
[2026-09-27 10:56:30Z INFO GitHubActionsService] Finished operation Location.GetConnectionData
[2026-09-27 10:56:30Z INFO GitHubActionsService] Finished operation Location.GetConnectionData
[2026-09-27 10:56:31Z INFO BrokerMessageListener] VssConnection created
[2026-09-27 10:56:31Z INFO Terminal] WRITE LINE: 
[2026-09-27 10:56:31Z INFO Terminal] WRITE LINE: 
[2026-09-27 10:56:31Z INFO RSAEncryptedFileKeyManager] Loading RSA key parameters from file C:\Users\chenz\Downloads\terraform-nca\actions-runner\.credentials_rsaparams
[2026-09-27 10:56:31Z INFO RSAEncryptedFileKeyManager] Loading RSA key parameters from file C:\Users\chenz\Downloads\terraform-nca\actions-runner\.credentials_rsaparams
[2026-09-27 10:56:31Z INFO GitHubActionsService] AAD Correlation ID for this token request: Unknown
[2026-09-27 10:56:31Z INFO BrokerMessageListener] Session created.
[2026-09-27 10:56:31Z INFO Terminal] WRITE LINE: Current runner version: '2.337.0'
[2026-09-27 10:56:31Z INFO Terminal] WRITE LINE: 2026-09-27 10:56:31Z: Listening for Jobs
[2026-09-27 10:56:31Z INFO JobDispatcher] Set runner/worker IPC timeout to 30 seconds.
[2026-09-27 11:08:37Z INFO BrokerMessageListener] Acknowledging runner request '70ee4145-4776-5089-a572-96f392e7da4f'.
[2026-09-27 11:08:37Z INFO ConfigurationStore] HasCredentials()
[2026-09-27 11:08:37Z INFO ConfigurationStore] stored True
[2026-09-27 11:08:37Z INFO CredentialManager] GetCredentialProvider
[2026-09-27 11:08:37Z INFO CredentialManager] Creating type OAuth
[2026-09-27 11:08:37Z INFO CredentialManager] Creating credential type: OAuth
[2026-09-27 11:08:37Z INFO RSAEncryptedFileKeyManager] Loading RSA key parameters from file C:\Users\chenz\Downloads\terraform-nca\actions-runner\.credentials_rsaparams
[2026-09-27 11:08:37Z INFO RSAEncryptedFileKeyManager] Loading RSA key parameters from file C:\Users\chenz\Downloads\terraform-nca\actions-runner\.credentials_rsaparams
[2026-09-27 11:08:37Z INFO RSAEncryptedFileKeyManager] Loading RSA key parameters from file C:\Users\chenz\Downloads\terraform-nca\actions-runner\.credentials_rsaparams
[2026-09-27 11:08:37Z INFO GitHubActionsService] AAD Correlation ID for this token request: Unknown
[2026-09-27 11:08:38Z INFO JobDispatcher] Job request 0 for plan c3c0194c-3619-4184-af52-08b1c41ff907 job 70ee4145-4776-5089-a572-96f392e7da4f received.
[2026-09-27 11:08:38Z INFO JobDispatcher] Pull OrchestrationId c3c0194c-3619-4184-af52-08b1c41ff907.terraform.__default from JWT claims
[2026-09-27 11:08:38Z INFO BrokerMessageListener] Received job status event. JobState: Busy
[2026-09-27 11:08:38Z INFO BrokerMessageListener] _getMessagesTokenSource is already disposed.
[2026-09-27 11:08:38Z INFO Terminal] WRITE LINE: 2026-09-27 11:08:38Z: Running job: terraform
[2026-09-27 11:08:38Z INFO JobDispatcher] Start renew job request 0 for job 70ee4145-4776-5089-a572-96f392e7da4f.
[2026-09-27 11:08:38Z INFO JobDispatcher] Successfully renew job 70ee4145-4776-5089-a572-96f392e7da4f, job is valid till 27-9-2026 11:18:33
[2026-09-27 11:08:38Z INFO HostContext] Well known directory 'Bin': 'C:\Users\chenz\Downloads\terraform-nca\actions-runner\bin'
[2026-09-27 11:08:38Z INFO ProcessInvokerWrapper] Starting process:
[2026-09-27 11:08:38Z INFO ProcessInvokerWrapper]   File name: 'C:\Users\chenz\Downloads\terraform-nca\actions-runner\bin\Runner.Worker.exe'
[2026-09-27 11:08:38Z INFO ProcessInvokerWrapper]   Arguments: 'spawnclient 2200 2220'
[2026-09-27 11:08:38Z INFO ProcessInvokerWrapper]   Working directory: 'C:\Users\chenz\Downloads\terraform-nca\actions-runner\bin'
[2026-09-27 11:08:38Z INFO ProcessInvokerWrapper]   Require exit code zero: 'False'
[2026-09-27 11:08:38Z INFO ProcessInvokerWrapper]   Encoding web name:  ; code page: ''
[2026-09-27 11:08:38Z INFO ProcessInvokerWrapper]   Force kill process on cancellation: 'True'
[2026-09-27 11:08:38Z INFO ProcessInvokerWrapper]   Redirected STDIN: 'False'
[2026-09-27 11:08:38Z INFO ProcessInvokerWrapper]   Persist current code page: 'False'
[2026-09-27 11:08:38Z INFO ProcessInvokerWrapper]   Keep redirected STDIN open: 'False'
[2026-09-27 11:08:38Z INFO ProcessInvokerWrapper]   High priority process: 'True'
[2026-09-27 11:08:38Z INFO JobDispatcher] Send job request message to worker for job 70ee4145-4776-5089-a572-96f392e7da4f.
[2026-09-27 11:08:38Z INFO ProcessChannel] Sending message of length 22539, with hash '1eb537c0f671d5c020920a4d6244160d4387b9782814ed42a1ccbaaf2e354a04'
[2026-09-27 11:08:38Z INFO BrokerMessageListener] Received job status event. JobState: Online
[2026-09-27 11:08:38Z WARN GitHubActionsService] GET request to https://broker.actions.githubusercontent.com/message?sessionId=193357b5-3335-4478-8d99-01bc0854e1a9&status=Busy&runnerVersion=2.337.0&os=Windows&architecture=X64&disableUpdate=false has been cancelled.
[2026-09-27 11:08:38Z ERR  BrokerServer] Catch exception during request
[2026-09-27 11:08:38Z ERR  BrokerServer] System.Threading.Tasks.TaskCanceledException: The operation was canceled.
 ---> System.Threading.Tasks.TaskCanceledException: The operation was canceled.
 ---> System.IO.IOException: Unable to read data from the transport connection: De I/O-bewerking is afgebroken vanwege het afsluiten van een thread of vanwege een opdracht van een toepassing..
 ---> System.Net.Sockets.SocketException (995): De I/O-bewerking is afgebroken vanwege het afsluiten van een thread of vanwege een opdracht van een toepassing.
   --- End of inner exception stack trace ---
   at System.Net.Sockets.Socket.AwaitableSocketAsyncEventArgs.ThrowException(SocketError error, CancellationToken cancellationToken)
   at System.Net.Sockets.Socket.AwaitableSocketAsyncEventArgs.System.Threading.Tasks.Sources.IValueTaskSource<System.Int32>.GetResult(Int16 token)
   at System.Net.Security.SslStream.EnsureFullTlsFrameAsync[TIOAdapter](CancellationToken cancellationToken, Int32 estimatedSize)
   at System.Runtime.CompilerServices.PoolingAsyncValueTaskMethodBuilder`1.StateMachineBox`1.System.Threading.Tasks.Sources.IValueTaskSource<TResult>.GetResult(Int16 token)
   at System.Net.Security.SslStream.ReadAsyncInternal[TIOAdapter](Memory`1 buffer, CancellationToken cancellationToken)
   at System.Runtime.CompilerServices.PoolingAsyncValueTaskMethodBuilder`1.StateMachineBox`1.System.Threading.Tasks.Sources.IValueTaskSource<TResult>.GetResult(Int16 token)
   at System.Net.Http.HttpConnection.SendAsync(HttpRequestMessage request, Boolean async, CancellationToken cancellationToken)
   --- End of inner exception stack trace ---
   at System.Net.Http.HttpConnection.SendAsync(HttpRequestMessage request, Boolean async, CancellationToken cancellationToken)
   at System.Net.Http.AuthenticationHelper.SendWithNtAuthAsync(HttpRequestMessage request, Uri authUri, Boolean async, ICredentials credentials, Boolean isProxyAuth, HttpConnection connection, HttpConnectionPool connectionPool, CancellationToken cancellationToken)
   at System.Net.Http.HttpConnectionPool.SendWithVersionDetectionAndRetryAsync(HttpRequestMessage request, Boolean async, Boolean doRequestAuth, CancellationToken cancellationToken)
   at System.Net.Http.AuthenticationHelper.SendWithAuthAsync(HttpRequestMessage request, Uri authUri, Boolean async, ICredentials credentials, Boolean preAuthenticate, Boolean isProxyAuth, Boolean doRequestAuth, HttpConnectionPool pool, CancellationToken cancellationToken)
   at System.Net.Http.RedirectHandler.SendAsync(HttpRequestMessage request, Boolean async, CancellationToken cancellationToken)
   at GitHub.Services.Common.RawHttpMessageHandler.SendAsync(HttpRequestMessage request, CancellationToken cancellationToken)
   at GitHub.Services.Common.VssHttpRetryMessageHandler.SendAsync(HttpRequestMessage request, CancellationToken cancellationToken)
   at System.Net.Http.HttpClient.<SendAsync>g__Core|83_0(HttpRequestMessage request, HttpCompletionOption completionOption, CancellationTokenSource cts, Boolean disposeCts, CancellationTokenSource pendingRequestsCts, CancellationToken originalCancellationToken)
   --- End of inner exception stack trace ---
   at System.Net.Http.HttpClient.HandleFailure(Exception e, Boolean telemetryStarted, HttpResponseMessage response, CancellationTokenSource cts, CancellationToken cancellationToken, CancellationTokenSource pendingRequestsCts)
   at System.Net.Http.HttpClient.<SendAsync>g__Core|83_0(HttpRequestMessage request, HttpCompletionOption completionOption, CancellationTokenSource cts, Boolean disposeCts, CancellationTokenSource pendingRequestsCts, CancellationToken originalCancellationToken)
   at Sdk.WebApi.WebApi.RawHttpClientBase.SendAsync(HttpRequestMessage message, HttpCompletionOption completionOption, Object userState, CancellationToken cancellationToken)
   at Sdk.WebApi.WebApi.RawHttpClientBase.SendAsync[T](HttpRequestMessage message, Boolean readErrorBody, Object userState, CancellationToken cancellationToken)
   at Sdk.WebApi.WebApi.RawHttpClientBase.SendAsync[T](HttpMethod method, IEnumerable`1 additionalHeaders, Uri requestUri, HttpContent content, IEnumerable`1 queryParameters, Boolean readErrorBody, Object userState, CancellationToken cancellationToken)
   at GitHub.Actions.RunService.WebApi.BrokerHttpClient.GetRunnerMessageAsync(Nullable`1 sessionId, String runnerVersion, Nullable`1 status, String os, String architecture, Nullable`1 disableUpdate, CancellationToken cancellationToken)
   at GitHub.Runner.Common.BrokerServer.<>c__DisplayClass7_0.<<GetRunnerMessageAsync>b__0>d.MoveNext()
--- End of stack trace from previous location ---
   at GitHub.Runner.Common.RunnerService.RetryRequest[T](Func`1 func, CancellationToken cancellationToken, Int32 maxAttempts, Func`2 shouldRetry)
[2026-09-27 11:08:38Z ERR  BrokerServer] #####################################################
[2026-09-27 11:08:38Z ERR  BrokerServer] System.Threading.Tasks.TaskCanceledException: The operation was canceled.
 ---> System.IO.IOException: Unable to read data from the transport connection: De I/O-bewerking is afgebroken vanwege het afsluiten van een thread of vanwege een opdracht van een toepassing..
 ---> System.Net.Sockets.SocketException (995): De I/O-bewerking is afgebroken vanwege het afsluiten van een thread of vanwege een opdracht van een toepassing.
   --- End of inner exception stack trace ---
   at System.Net.Sockets.Socket.AwaitableSocketAsyncEventArgs.ThrowException(SocketError error, CancellationToken cancellationToken)
   at System.Net.Sockets.Socket.AwaitableSocketAsyncEventArgs.System.Threading.Tasks.Sources.IValueTaskSource<System.Int32>.GetResult(Int16 token)
   at System.Net.Security.SslStream.EnsureFullTlsFrameAsync[TIOAdapter](CancellationToken cancellationToken, Int32 estimatedSize)
   at System.Runtime.CompilerServices.PoolingAsyncValueTaskMethodBuilder`1.StateMachineBox`1.System.Threading.Tasks.Sources.IValueTaskSource<TResult>.GetResult(Int16 token)
   at System.Net.Security.SslStream.ReadAsyncInternal[TIOAdapter](Memory`1 buffer, CancellationToken cancellationToken)
   at System.Runtime.CompilerServices.PoolingAsyncValueTaskMethodBuilder`1.StateMachineBox`1.System.Threading.Tasks.Sources.IValueTaskSource<TResult>.GetResult(Int16 token)
   at System.Net.Http.HttpConnection.SendAsync(HttpRequestMessage request, Boolean async, CancellationToken cancellationToken)
   --- End of inner exception stack trace ---
   at System.Net.Http.HttpConnection.SendAsync(HttpRequestMessage request, Boolean async, CancellationToken cancellationToken)
   at System.Net.Http.AuthenticationHelper.SendWithNtAuthAsync(HttpRequestMessage request, Uri authUri, Boolean async, ICredentials credentials, Boolean isProxyAuth, HttpConnection connection, HttpConnectionPool connectionPool, CancellationToken cancellationToken)
   at System.Net.Http.HttpConnectionPool.SendWithVersionDetectionAndRetryAsync(HttpRequestMessage request, Boolean async, Boolean doRequestAuth, CancellationToken cancellationToken)
   at System.Net.Http.AuthenticationHelper.SendWithAuthAsync(HttpRequestMessage request, Uri authUri, Boolean async, ICredentials credentials, Boolean preAuthenticate, Boolean isProxyAuth, Boolean doRequestAuth, HttpConnectionPool pool, CancellationToken cancellationToken)
   at System.Net.Http.RedirectHandler.SendAsync(HttpRequestMessage request, Boolean async, CancellationToken cancellationToken)
   at GitHub.Services.Common.RawHttpMessageHandler.SendAsync(HttpRequestMessage request, CancellationToken cancellationToken)
   at GitHub.Services.Common.VssHttpRetryMessageHandler.SendAsync(HttpRequestMessage request, CancellationToken cancellationToken)
   at System.Net.Http.HttpClient.<SendAsync>g__Core|83_0(HttpRequestMessage request, HttpCompletionOption completionOption, CancellationTokenSource cts, Boolean disposeCts, CancellationTokenSource pendingRequestsCts, CancellationToken originalCancellationToken)
[2026-09-27 11:08:38Z ERR  BrokerServer] #####################################################
[2026-09-27 11:08:38Z ERR  BrokerServer] System.IO.IOException: Unable to read data from the transport connection: De I/O-bewerking is afgebroken vanwege het afsluiten van een thread of vanwege een opdracht van een toepassing..
 ---> System.Net.Sockets.SocketException (995): De I/O-bewerking is afgebroken vanwege het afsluiten van een thread of vanwege een opdracht van een toepassing.
   --- End of inner exception stack trace ---
   at System.Net.Sockets.Socket.AwaitableSocketAsyncEventArgs.ThrowException(SocketError error, CancellationToken cancellationToken)
   at System.Net.Sockets.Socket.AwaitableSocketAsyncEventArgs.System.Threading.Tasks.Sources.IValueTaskSource<System.Int32>.GetResult(Int16 token)
   at System.Net.Security.SslStream.EnsureFullTlsFrameAsync[TIOAdapter](CancellationToken cancellationToken, Int32 estimatedSize)
   at System.Runtime.CompilerServices.PoolingAsyncValueTaskMethodBuilder`1.StateMachineBox`1.System.Threading.Tasks.Sources.IValueTaskSource<TResult>.GetResult(Int16 token)
   at System.Net.Security.SslStream.ReadAsyncInternal[TIOAdapter](Memory`1 buffer, CancellationToken cancellationToken)
   at System.Runtime.CompilerServices.PoolingAsyncValueTaskMethodBuilder`1.StateMachineBox`1.System.Threading.Tasks.Sources.IValueTaskSource<TResult>.GetResult(Int16 token)
   at System.Net.Http.HttpConnection.SendAsync(HttpRequestMessage request, Boolean async, CancellationToken cancellationToken)
[2026-09-27 11:08:38Z ERR  BrokerServer] #####################################################
[2026-09-27 11:08:38Z ERR  BrokerServer] System.Net.Sockets.SocketException (995): De I/O-bewerking is afgebroken vanwege het afsluiten van een thread of vanwege een opdracht van een toepassing.
[2026-09-27 11:08:38Z WARN BrokerServer] Back off 9,214 seconds before next retry. 4 attempt left.
[2026-09-27 11:08:38Z INFO BrokerMessageListener] Get messages has been cancelled using local token source. Continue to get messages with new status.
[2026-09-27 11:09:39Z INFO JobDispatcher] Successfully renew job 70ee4145-4776-5089-a572-96f392e7da4f, job is valid till 27-9-2026 11:19:33
[2026-09-27 11:10:39Z INFO JobDispatcher] Successfully renew job 70ee4145-4776-5089-a572-96f392e7da4f, job is valid till 27-9-2026 11:20:33
[2026-09-27 11:11:39Z INFO JobDispatcher] Successfully renew job 70ee4145-4776-5089-a572-96f392e7da4f, job is valid till 27-9-2026 11:21:33
[2026-09-27 11:12:39Z INFO JobDispatcher] Successfully renew job 70ee4145-4776-5089-a572-96f392e7da4f, job is valid till 27-9-2026 11:22:33
[2026-09-27 11:13:39Z INFO JobDispatcher] Successfully renew job 70ee4145-4776-5089-a572-96f392e7da4f, job is valid till 27-9-2026 11:23:33
[2026-09-27 11:14:39Z INFO JobDispatcher] Successfully renew job 70ee4145-4776-5089-a572-96f392e7da4f, job is valid till 27-9-2026 11:24:33
[2026-09-27 11:15:39Z INFO JobDispatcher] Successfully renew job 70ee4145-4776-5089-a572-96f392e7da4f, job is valid till 27-9-2026 11:25:34
[2026-09-27 11:16:40Z INFO JobDispatcher] Successfully renew job 70ee4145-4776-5089-a572-96f392e7da4f, job is valid till 27-9-2026 11:26:34
[2026-09-27 11:17:40Z INFO JobDispatcher] Successfully renew job 70ee4145-4776-5089-a572-96f392e7da4f, job is valid till 27-9-2026 11:27:34
[2026-09-27 11:18:40Z INFO JobDispatcher] Successfully renew job 70ee4145-4776-5089-a572-96f392e7da4f, job is valid till 27-9-2026 11:28:34
[2026-09-27 11:19:40Z INFO JobDispatcher] Successfully renew job 70ee4145-4776-5089-a572-96f392e7da4f, job is valid till 27-9-2026 11:29:34
[2026-09-27 11:20:05Z INFO JobDispatcher] Job cancellation request 70ee4145-4776-5089-a572-96f392e7da4f received, cancellation timeout 5 minutes.
[2026-09-27 11:20:05Z INFO JobDispatcher] Job cancellation request 70ee4145-4776-5089-a572-96f392e7da4f received, cancellation timeout 5 minutes.
[2026-09-27 11:20:05Z INFO JobDispatcher] Job cancellation request 70ee4145-4776-5089-a572-96f392e7da4f received, cancellation timeout 5 minutes.
[2026-09-27 11:20:06Z INFO JobDispatcher] Job cancellation request 70ee4145-4776-5089-a572-96f392e7da4f received, cancellation timeout 5 minutes.
[2026-09-27 11:20:40Z INFO JobDispatcher] Successfully renew job 70ee4145-4776-5089-a572-96f392e7da4f, job is valid till 27-9-2026 11:30:34
[2026-09-27 11:21:40Z INFO JobDispatcher] Successfully renew job 70ee4145-4776-5089-a572-96f392e7da4f, job is valid till 27-9-2026 11:31:34
[2026-09-27 11:22:41Z INFO JobDispatcher] Successfully renew job 70ee4145-4776-5089-a572-96f392e7da4f, job is valid till 27-9-2026 11:32:35
[2026-09-27 11:23:41Z INFO JobDispatcher] Successfully renew job 70ee4145-4776-5089-a572-96f392e7da4f, job is valid till 27-9-2026 11:33:35
[2026-09-27 11:24:41Z INFO JobDispatcher] Successfully renew job 70ee4145-4776-5089-a572-96f392e7da4f, job is valid till 27-9-2026 11:34:35
[2026-09-27 11:25:05Z INFO BrokerMessageListener] Acknowledging runner request '14ac59f0-39fa-555f-abc0-32888428d909'.
[2026-09-27 11:25:06Z INFO ConfigurationStore] HasCredentials()
[2026-09-27 11:25:06Z INFO ConfigurationStore] stored True
[2026-09-27 11:25:06Z INFO CredentialManager] GetCredentialProvider
[2026-09-27 11:25:06Z INFO CredentialManager] Creating type OAuth
[2026-09-27 11:25:06Z INFO CredentialManager] Creating credential type: OAuth
[2026-09-27 11:25:06Z INFO RSAEncryptedFileKeyManager] Loading RSA key parameters from file C:\Users\chenz\Downloads\terraform-nca\actions-runner\.credentials_rsaparams
[2026-09-27 11:25:06Z INFO RSAEncryptedFileKeyManager] Loading RSA key parameters from file C:\Users\chenz\Downloads\terraform-nca\actions-runner\.credentials_rsaparams
[2026-09-27 11:25:06Z INFO RSAEncryptedFileKeyManager] Loading RSA key parameters from file C:\Users\chenz\Downloads\terraform-nca\actions-runner\.credentials_rsaparams
[2026-09-27 11:25:06Z INFO GitHubActionsService] AAD Correlation ID for this token request: Unknown
[2026-09-27 11:25:07Z INFO JobDispatcher] Job request 0 for plan 869fb88e-58fd-4123-ad08-46f0ef268503 job 14ac59f0-39fa-555f-abc0-32888428d909 received.
[2026-09-27 11:25:07Z INFO JobDispatcher] Pull OrchestrationId 869fb88e-58fd-4123-ad08-46f0ef268503.terraform.__default from JWT claims
[2026-09-27 11:25:07Z INFO BrokerMessageListener] Received job status event. JobState: Busy
[2026-09-27 11:25:07Z INFO BrokerMessageListener] _getMessagesTokenSource is already disposed.
[2026-09-27 11:25:07Z ERR  JobDispatcher] Worker Dispatch failed with an exception for job request 70ee4145-4776-5089-a572-96f392e7da4f.
[2026-09-27 11:25:07Z ERR  JobDispatcher] System.IO.IOException: Pipe is broken.
   at System.IO.Pipes.PipeStream.WriteCore(ReadOnlySpan`1 buffer)
   at System.IO.Pipes.PipeStream.<>c.<AsyncOverSyncWrite>b__78_0(ValueTuple`2 s)
   at System.Threading.AsyncOverSyncWithIoCancellation.InvokeAsync[TState](Action`1 action, TState state, CancellationToken cancellationToken)
   at System.Runtime.CompilerServices.PoolingAsyncValueTaskMethodBuilder`1.StateMachineBox`1.System.Threading.Tasks.Sources.IValueTaskSource.GetResult(Int16 token)
   at System.Threading.Tasks.ValueTask.ValueTaskSourceAsTask.<>c.<.cctor>b__4_0(Object state)
--- End of stack trace from previous location ---
   at GitHub.Runner.Common.Extensions.WithCancellation(Task task, CancellationToken cancellationToken)
   at GitHub.Runner.Common.StreamString.WriteInt32Async(Int32 value, CancellationToken cancellationToken)
   at GitHub.Runner.Common.ProcessChannel.SendAsync(MessageType messageType, String body, CancellationToken cancellationToken)
   at GitHub.Runner.Listener.JobDispatcher.RunAsync(AgentJobRequestMessage message, String orchestrationId, WorkerDispatcher previousJobDispatch, CancellationToken jobRequestCancellationToken, CancellationToken workerCancelTimeoutKillToken)
   at GitHub.Runner.Listener.JobDispatcher.EnsureDispatchFinished(WorkerDispatcher jobDispatch, Boolean cancelRunningJob)
[2026-09-27 11:25:07Z INFO Terminal] WRITE LINE: 2026-09-27 11:25:07Z: Running job: terraform
[2026-09-27 11:25:07Z INFO JobDispatcher] Start renew job request 0 for job 14ac59f0-39fa-555f-abc0-32888428d909.
[2026-09-27 11:25:07Z INFO JobDispatcher] Successfully renew job 14ac59f0-39fa-555f-abc0-32888428d909, job is valid till 27-9-2026 11:35:01
[2026-09-27 11:25:07Z INFO HostContext] Well known directory 'Bin': 'C:\Users\chenz\Downloads\terraform-nca\actions-runner\bin'
[2026-09-27 11:25:07Z INFO ProcessInvokerWrapper] Starting process:
[2026-09-27 11:25:07Z INFO ProcessInvokerWrapper]   File name: 'C:\Users\chenz\Downloads\terraform-nca\actions-runner\bin\Runner.Worker.exe'
[2026-09-27 11:25:07Z INFO ProcessInvokerWrapper]   Arguments: 'spawnclient 2224 1404'
[2026-09-27 11:25:07Z INFO ProcessInvokerWrapper]   Working directory: 'C:\Users\chenz\Downloads\terraform-nca\actions-runner\bin'
[2026-09-27 11:25:07Z INFO ProcessInvokerWrapper]   Require exit code zero: 'False'
[2026-09-27 11:25:07Z INFO ProcessInvokerWrapper]   Encoding web name:  ; code page: ''
[2026-09-27 11:25:07Z INFO ProcessInvokerWrapper]   Force kill process on cancellation: 'True'
[2026-09-27 11:25:07Z INFO ProcessInvokerWrapper]   Redirected STDIN: 'False'
[2026-09-27 11:25:07Z INFO ProcessInvokerWrapper]   Persist current code page: 'False'
[2026-09-27 11:25:07Z INFO ProcessInvokerWrapper]   Keep redirected STDIN open: 'False'
[2026-09-27 11:25:07Z INFO ProcessInvokerWrapper]   High priority process: 'True'
[2026-09-27 11:25:07Z INFO JobDispatcher] Send job request message to worker for job 14ac59f0-39fa-555f-abc0-32888428d909.
[2026-09-27 11:25:07Z INFO ProcessChannel] Sending message of length 22538, with hash '74d04a4774180a15e5a1a3308faaf10f795c0734fdbf1610b6a0fe45f3d4c747'
[2026-09-27 11:25:07Z INFO BrokerMessageListener] Received job status event. JobState: Online
[2026-09-27 11:25:07Z WARN GitHubActionsService] GET request to https://broker.actions.githubusercontent.com/message?sessionId=193357b5-3335-4478-8d99-01bc0854e1a9&status=Busy&runnerVersion=2.337.0&os=Windows&architecture=X64&disableUpdate=false has been cancelled.
[2026-09-27 11:25:07Z ERR  BrokerServer] Catch exception during request
[2026-09-27 11:25:07Z ERR  BrokerServer] System.Threading.Tasks.TaskCanceledException: The operation was canceled.
 ---> System.Threading.Tasks.TaskCanceledException: The operation was canceled.
 ---> System.IO.IOException: Unable to read data from the transport connection: De I/O-bewerking is afgebroken vanwege het afsluiten van een thread of vanwege een opdracht van een toepassing..
 ---> System.Net.Sockets.SocketException (995): De I/O-bewerking is afgebroken vanwege het afsluiten van een thread of vanwege een opdracht van een toepassing.
   --- End of inner exception stack trace ---
   at System.Net.Sockets.Socket.AwaitableSocketAsyncEventArgs.System.Threading.Tasks.Sources.IValueTaskSource<System.Int32>.GetResult(Int16 token)
   at System.Net.Security.SslStream.EnsureFullTlsFrameAsync[TIOAdapter](CancellationToken cancellationToken, Int32 estimatedSize)
   at System.Runtime.CompilerServices.PoolingAsyncValueTaskMethodBuilder`1.StateMachineBox`1.System.Threading.Tasks.Sources.IValueTaskSource<TResult>.GetResult(Int16 token)
   at System.Net.Security.SslStream.ReadAsyncInternal[TIOAdapter](Memory`1 buffer, CancellationToken cancellationToken)
   at System.Runtime.CompilerServices.PoolingAsyncValueTaskMethodBuilder`1.StateMachineBox`1.System.Threading.Tasks.Sources.IValueTaskSource<TResult>.GetResult(Int16 token)
   at System.Net.Http.HttpConnection.SendAsync(HttpRequestMessage request, Boolean async, CancellationToken cancellationToken)
   --- End of inner exception stack trace ---
   at System.Net.Http.HttpConnection.SendAsync(HttpRequestMessage request, Boolean async, CancellationToken cancellationToken)
   at System.Net.Http.AuthenticationHelper.SendWithNtAuthAsync(HttpRequestMessage request, Uri authUri, Boolean async, ICredentials credentials, Boolean isProxyAuth, HttpConnection connection, HttpConnectionPool connectionPool, CancellationToken cancellationToken)
   at System.Net.Http.HttpConnectionPool.SendWithVersionDetectionAndRetryAsync(HttpRequestMessage request, Boolean async, Boolean doRequestAuth, CancellationToken cancellationToken)
   at System.Net.Http.AuthenticationHelper.SendWithAuthAsync(HttpRequestMessage request, Uri authUri, Boolean async, ICredentials credentials, Boolean preAuthenticate, Boolean isProxyAuth, Boolean doRequestAuth, HttpConnectionPool pool, CancellationToken cancellationToken)
   at System.Net.Http.RedirectHandler.SendAsync(HttpRequestMessage request, Boolean async, CancellationToken cancellationToken)
   at GitHub.Services.Common.RawHttpMessageHandler.SendAsync(HttpRequestMessage request, CancellationToken cancellationToken)
   at GitHub.Services.Common.VssHttpRetryMessageHandler.SendAsync(HttpRequestMessage request, CancellationToken cancellationToken)
   at System.Net.Http.HttpClient.<SendAsync>g__Core|83_0(HttpRequestMessage request, HttpCompletionOption completionOption, CancellationTokenSource cts, Boolean disposeCts, CancellationTokenSource pendingRequestsCts, CancellationToken originalCancellationToken)
   --- End of inner exception stack trace ---
   at System.Net.Http.HttpClient.HandleFailure(Exception e, Boolean telemetryStarted, HttpResponseMessage response, CancellationTokenSource cts, CancellationToken cancellationToken, CancellationTokenSource pendingRequestsCts)
   at System.Net.Http.HttpClient.<SendAsync>g__Core|83_0(HttpRequestMessage request, HttpCompletionOption completionOption, CancellationTokenSource cts, Boolean disposeCts, CancellationTokenSource pendingRequestsCts, CancellationToken originalCancellationToken)
   at Sdk.WebApi.WebApi.RawHttpClientBase.SendAsync(HttpRequestMessage message, HttpCompletionOption completionOption, Object userState, CancellationToken cancellationToken)
   at Sdk.WebApi.WebApi.RawHttpClientBase.SendAsync[T](HttpRequestMessage message, Boolean readErrorBody, Object userState, CancellationToken cancellationToken)
   at Sdk.WebApi.WebApi.RawHttpClientBase.SendAsync[T](HttpMethod method, IEnumerable`1 additionalHeaders, Uri requestUri, HttpContent content, IEnumerable`1 queryParameters, Boolean readErrorBody, Object userState, CancellationToken cancellationToken)
   at GitHub.Actions.RunService.WebApi.BrokerHttpClient.GetRunnerMessageAsync(Nullable`1 sessionId, String runnerVersion, Nullable`1 status, String os, String architecture, Nullable`1 disableUpdate, CancellationToken cancellationToken)
   at GitHub.Runner.Common.BrokerServer.<>c__DisplayClass7_0.<<GetRunnerMessageAsync>b__0>d.MoveNext()
--- End of stack trace from previous location ---
   at GitHub.Runner.Common.RunnerService.RetryRequest[T](Func`1 func, CancellationToken cancellationToken, Int32 maxAttempts, Func`2 shouldRetry)
[2026-09-27 11:25:07Z ERR  BrokerServer] #####################################################
[2026-09-27 11:25:07Z ERR  BrokerServer] System.Threading.Tasks.TaskCanceledException: The operation was canceled.
 ---> System.IO.IOException: Unable to read data from the transport connection: De I/O-bewerking is afgebroken vanwege het afsluiten van een thread of vanwege een opdracht van een toepassing..
 ---> System.Net.Sockets.SocketException (995): De I/O-bewerking is afgebroken vanwege het afsluiten van een thread of vanwege een opdracht van een toepassing.
   --- End of inner exception stack trace ---
   at System.Net.Sockets.Socket.AwaitableSocketAsyncEventArgs.System.Threading.Tasks.Sources.IValueTaskSource<System.Int32>.GetResult(Int16 token)
   at System.Net.Security.SslStream.EnsureFullTlsFrameAsync[TIOAdapter](CancellationToken cancellationToken, Int32 estimatedSize)
   at System.Runtime.CompilerServices.PoolingAsyncValueTaskMethodBuilder`1.StateMachineBox`1.System.Threading.Tasks.Sources.IValueTaskSource<TResult>.GetResult(Int16 token)
   at System.Net.Security.SslStream.ReadAsyncInternal[TIOAdapter](Memory`1 buffer, CancellationToken cancellationToken)
   at System.Runtime.CompilerServices.PoolingAsyncValueTaskMethodBuilder`1.StateMachineBox`1.System.Threading.Tasks.Sources.IValueTaskSource<TResult>.GetResult(Int16 token)
   at System.Net.Http.HttpConnection.SendAsync(HttpRequestMessage request, Boolean async, CancellationToken cancellationToken)
   --- End of inner exception stack trace ---
   at System.Net.Http.HttpConnection.SendAsync(HttpRequestMessage request, Boolean async, CancellationToken cancellationToken)
   at System.Net.Http.AuthenticationHelper.SendWithNtAuthAsync(HttpRequestMessage request, Uri authUri, Boolean async, ICredentials credentials, Boolean isProxyAuth, HttpConnection connection, HttpConnectionPool connectionPool, CancellationToken cancellationToken)
   at System.Net.Http.HttpConnectionPool.SendWithVersionDetectionAndRetryAsync(HttpRequestMessage request, Boolean async, Boolean doRequestAuth, CancellationToken cancellationToken)
   at System.Net.Http.AuthenticationHelper.SendWithAuthAsync(HttpRequestMessage request, Uri authUri, Boolean async, ICredentials credentials, Boolean preAuthenticate, Boolean isProxyAuth, Boolean doRequestAuth, HttpConnectionPool pool, CancellationToken cancellationToken)
   at System.Net.Http.RedirectHandler.SendAsync(HttpRequestMessage request, Boolean async, CancellationToken cancellationToken)
   at GitHub.Services.Common.RawHttpMessageHandler.SendAsync(HttpRequestMessage request, CancellationToken cancellationToken)
   at GitHub.Services.Common.VssHttpRetryMessageHandler.SendAsync(HttpRequestMessage request, CancellationToken cancellationToken)
   at System.Net.Http.HttpClient.<SendAsync>g__Core|83_0(HttpRequestMessage request, HttpCompletionOption completionOption, CancellationTokenSource cts, Boolean disposeCts, CancellationTokenSource pendingRequestsCts, CancellationToken originalCancellationToken)
[2026-09-27 11:25:07Z ERR  BrokerServer] #####################################################
[2026-09-27 11:25:07Z ERR  BrokerServer] System.IO.IOException: Unable to read data from the transport connection: De I/O-bewerking is afgebroken vanwege het afsluiten van een thread of vanwege een opdracht van een toepassing..
 ---> System.Net.Sockets.SocketException (995): De I/O-bewerking is afgebroken vanwege het afsluiten van een thread of vanwege een opdracht van een toepassing.
   --- End of inner exception stack trace ---
   at System.Net.Sockets.Socket.AwaitableSocketAsyncEventArgs.System.Threading.Tasks.Sources.IValueTaskSource<System.Int32>.GetResult(Int16 token)
   at System.Net.Security.SslStream.EnsureFullTlsFrameAsync[TIOAdapter](CancellationToken cancellationToken, Int32 estimatedSize)
   at System.Runtime.CompilerServices.PoolingAsyncValueTaskMethodBuilder`1.StateMachineBox`1.System.Threading.Tasks.Sources.IValueTaskSource<TResult>.GetResult(Int16 token)
   at System.Net.Security.SslStream.ReadAsyncInternal[TIOAdapter](Memory`1 buffer, CancellationToken cancellationToken)
   at System.Runtime.CompilerServices.PoolingAsyncValueTaskMethodBuilder`1.StateMachineBox`1.System.Threading.Tasks.Sources.IValueTaskSource<TResult>.GetResult(Int16 token)
   at System.Net.Http.HttpConnection.SendAsync(HttpRequestMessage request, Boolean async, CancellationToken cancellationToken)
[2026-09-27 11:25:07Z ERR  BrokerServer] #####################################################
[2026-09-27 11:25:07Z ERR  BrokerServer] System.Net.Sockets.SocketException (995): De I/O-bewerking is afgebroken vanwege het afsluiten van een thread of vanwege een opdracht van een toepassing.
[2026-09-27 11:25:07Z WARN BrokerServer] Back off 9,261 seconds before next retry. 4 attempt left.
[2026-09-27 11:25:07Z INFO BrokerMessageListener] Get messages has been cancelled using local token source. Continue to get messages with new status.
[2026-09-27 11:25:41Z ERR  GitHubActionsService] POST request to https://run-actions-3-azure-eastus.actions.githubusercontent.com/97/renewjob is not authorized. Details: You are not authorized to access https://run-actions-3-azure-eastus.actions.githubusercontent.com.
[2026-09-27 11:25:41Z ERR  RunServer] Catch exception during request
[2026-09-27 11:25:41Z ERR  RunServer] GitHub.Services.Common.VssUnauthorizedException: You are not authorized to access https://run-actions-3-azure-eastus.actions.githubusercontent.com.
   at GitHub.Services.Common.RawHttpMessageHandler.SendAsync(HttpRequestMessage request, CancellationToken cancellationToken)
   at GitHub.Services.Common.VssHttpRetryMessageHandler.SendAsync(HttpRequestMessage request, CancellationToken cancellationToken)
   at System.Net.Http.HttpClient.<SendAsync>g__Core|83_0(HttpRequestMessage request, HttpCompletionOption completionOption, CancellationTokenSource cts, Boolean disposeCts, CancellationTokenSource pendingRequestsCts, CancellationToken originalCancellationToken)
   at Sdk.WebApi.WebApi.RawHttpClientBase.SendAsync(HttpRequestMessage message, HttpCompletionOption completionOption, Object userState, CancellationToken cancellationToken)
   at Sdk.WebApi.WebApi.RawHttpClientBase.SendAsync[T](HttpRequestMessage message, Boolean readErrorBody, Object userState, CancellationToken cancellationToken)
   at Sdk.WebApi.WebApi.RawHttpClientBase.SendAsync[T](HttpMethod method, IEnumerable`1 additionalHeaders, Uri requestUri, HttpContent content, IEnumerable`1 queryParameters, Boolean readErrorBody, Object userState, CancellationToken cancellationToken)
   at GitHub.Actions.RunService.WebApi.RunServiceHttpClient.RenewJobAsync(Uri requestUri, Guid planId, Guid jobId, CancellationToken cancellationToken)
   at GitHub.Runner.Common.RunServer.<>c__DisplayClass8_0.<<RenewJobAsync>b__0>d.MoveNext()
--- End of stack trace from previous location ---
   at GitHub.Runner.Common.RunnerService.RetryRequest[T](Func`1 func, CancellationToken cancellationToken, Int32 maxAttempts, Func`2 shouldRetry)
[2026-09-27 11:25:41Z WARN RunServer] Back off 9,309 seconds before next retry. 4 attempt left.
[2026-09-27 11:25:51Z ERR  GitHubActionsService] POST request to https://run-actions-3-azure-eastus.actions.githubusercontent.com/97/renewjob is not authorized. Details: You are not authorized to access https://run-actions-3-azure-eastus.actions.githubusercontent.com.
[2026-09-27 11:25:51Z ERR  RunServer] Catch exception during request
[2026-09-27 11:25:51Z ERR  RunServer] GitHub.Services.Common.VssUnauthorizedException: You are not authorized to access https://run-actions-3-azure-eastus.actions.githubusercontent.com.
   at GitHub.Services.Common.RawHttpMessageHandler.SendAsync(HttpRequestMessage request, CancellationToken cancellationToken)
   at GitHub.Services.Common.VssHttpRetryMessageHandler.SendAsync(HttpRequestMessage request, CancellationToken cancellationToken)
   at System.Net.Http.HttpClient.<SendAsync>g__Core|83_0(HttpRequestMessage request, HttpCompletionOption completionOption, CancellationTokenSource cts, Boolean disposeCts, CancellationTokenSource pendingRequestsCts, CancellationToken originalCancellationToken)
   at Sdk.WebApi.WebApi.RawHttpClientBase.SendAsync(HttpRequestMessage message, HttpCompletionOption completionOption, Object userState, CancellationToken cancellationToken)
   at Sdk.WebApi.WebApi.RawHttpClientBase.SendAsync[T](HttpRequestMessage message, Boolean readErrorBody, Object userState, CancellationToken cancellationToken)
   at Sdk.WebApi.WebApi.RawHttpClientBase.SendAsync[T](HttpMethod method, IEnumerable`1 additionalHeaders, Uri requestUri, HttpContent content, IEnumerable`1 queryParameters, Boolean readErrorBody, Object userState, CancellationToken cancellationToken)
   at GitHub.Actions.RunService.WebApi.RunServiceHttpClient.RenewJobAsync(Uri requestUri, Guid planId, Guid jobId, CancellationToken cancellationToken)
   at GitHub.Runner.Common.RunServer.<>c__DisplayClass8_0.<<RenewJobAsync>b__0>d.MoveNext()
--- End of stack trace from previous location ---
   at GitHub.Runner.Common.RunnerService.RetryRequest[T](Func`1 func, CancellationToken cancellationToken, Int32 maxAttempts, Func`2 shouldRetry)
[2026-09-27 11:25:51Z WARN RunServer] Back off 9,336 seconds before next retry. 3 attempt left.
[2026-09-27 11:26:00Z ERR  GitHubActionsService] POST request to https://run-actions-3-azure-eastus.actions.githubusercontent.com/97/renewjob is not authorized. Details: You are not authorized to access https://run-actions-3-azure-eastus.actions.githubusercontent.com.
[2026-09-27 11:26:00Z ERR  RunServer] Catch exception during request
[2026-09-27 11:26:00Z ERR  RunServer] GitHub.Services.Common.VssUnauthorizedException: You are not authorized to access https://run-actions-3-azure-eastus.actions.githubusercontent.com.
   at GitHub.Services.Common.RawHttpMessageHandler.SendAsync(HttpRequestMessage request, CancellationToken cancellationToken)
   at GitHub.Services.Common.VssHttpRetryMessageHandler.SendAsync(HttpRequestMessage request, CancellationToken cancellationToken)
   at System.Net.Http.HttpClient.<SendAsync>g__Core|83_0(HttpRequestMessage request, HttpCompletionOption completionOption, CancellationTokenSource cts, Boolean disposeCts, CancellationTokenSource pendingRequestsCts, CancellationToken originalCancellationToken)
   at Sdk.WebApi.WebApi.RawHttpClientBase.SendAsync(HttpRequestMessage message, HttpCompletionOption completionOption, Object userState, CancellationToken cancellationToken)
   at Sdk.WebApi.WebApi.RawHttpClientBase.SendAsync[T](HttpRequestMessage message, Boolean readErrorBody, Object userState, CancellationToken cancellationToken)
   at Sdk.WebApi.WebApi.RawHttpClientBase.SendAsync[T](HttpMethod method, IEnumerable`1 additionalHeaders, Uri requestUri, HttpContent content, IEnumerable`1 queryParameters, Boolean readErrorBody, Object userState, CancellationToken cancellationToken)
   at GitHub.Actions.RunService.WebApi.RunServiceHttpClient.RenewJobAsync(Uri requestUri, Guid planId, Guid jobId, CancellationToken cancellationToken)
   at GitHub.Runner.Common.RunServer.<>c__DisplayClass8_0.<<RenewJobAsync>b__0>d.MoveNext()
--- End of stack trace from previous location ---
   at GitHub.Runner.Common.RunnerService.RetryRequest[T](Func`1 func, CancellationToken cancellationToken, Int32 maxAttempts, Func`2 shouldRetry)
[2026-09-27 11:26:00Z WARN RunServer] Back off 7,173 seconds before next retry. 2 attempt left.
[2026-09-27 11:26:08Z ERR  GitHubActionsService] POST request to https://run-actions-3-azure-eastus.actions.githubusercontent.com/97/renewjob is not authorized. Details: You are not authorized to access https://run-actions-3-azure-eastus.actions.githubusercontent.com.
[2026-09-27 11:26:08Z ERR  RunServer] Catch exception during request
[2026-09-27 11:26:08Z ERR  RunServer] GitHub.Services.Common.VssUnauthorizedException: You are not authorized to access https://run-actions-3-azure-eastus.actions.githubusercontent.com.
   at GitHub.Services.Common.RawHttpMessageHandler.SendAsync(HttpRequestMessage request, CancellationToken cancellationToken)
   at GitHub.Services.Common.VssHttpRetryMessageHandler.SendAsync(HttpRequestMessage request, CancellationToken cancellationToken)
   at System.Net.Http.HttpClient.<SendAsync>g__Core|83_0(HttpRequestMessage request, HttpCompletionOption completionOption, CancellationTokenSource cts, Boolean disposeCts, CancellationTokenSource pendingRequestsCts, CancellationToken originalCancellationToken)
   at Sdk.WebApi.WebApi.RawHttpClientBase.SendAsync(HttpRequestMessage message, HttpCompletionOption completionOption, Object userState, CancellationToken cancellationToken)
   at Sdk.WebApi.WebApi.RawHttpClientBase.SendAsync[T](HttpRequestMessage message, Boolean readErrorBody, Object userState, CancellationToken cancellationToken)
   at Sdk.WebApi.WebApi.RawHttpClientBase.SendAsync[T](HttpMethod method, IEnumerable`1 additionalHeaders, Uri requestUri, HttpContent content, IEnumerable`1 queryParameters, Boolean readErrorBody, Object userState, CancellationToken cancellationToken)
   at GitHub.Actions.RunService.WebApi.RunServiceHttpClient.RenewJobAsync(Uri requestUri, Guid planId, Guid jobId, CancellationToken cancellationToken)
   at GitHub.Runner.Common.RunServer.<>c__DisplayClass8_0.<<RenewJobAsync>b__0>d.MoveNext()
--- End of stack trace from previous location ---
   at GitHub.Runner.Common.RunnerService.RetryRequest[T](Func`1 func, CancellationToken cancellationToken, Int32 maxAttempts, Func`2 shouldRetry)
[2026-09-27 11:26:08Z WARN RunServer] Back off 9,992 seconds before next retry. 4 attempt left.
[2026-09-27 11:26:08Z ERR  GitHubActionsService] POST request to https://run-actions-3-azure-eastus.actions.githubusercontent.com/97/renewjob is not authorized. Details: You are not authorized to access https://run-actions-3-azure-eastus.actions.githubusercontent.com.
[2026-09-27 11:26:08Z ERR  RunServer] Catch exception during request
[2026-09-27 11:26:08Z ERR  RunServer] GitHub.Services.Common.VssUnauthorizedException: You are not authorized to access https://run-actions-3-azure-eastus.actions.githubusercontent.com.
   at GitHub.Services.Common.RawHttpMessageHandler.SendAsync(HttpRequestMessage request, CancellationToken cancellationToken)
   at GitHub.Services.Common.VssHttpRetryMessageHandler.SendAsync(HttpRequestMessage request, CancellationToken cancellationToken)
   at System.Net.Http.HttpClient.<SendAsync>g__Core|83_0(HttpRequestMessage request, HttpCompletionOption completionOption, CancellationTokenSource cts, Boolean disposeCts, CancellationTokenSource pendingRequestsCts, CancellationToken originalCancellationToken)
   at Sdk.WebApi.WebApi.RawHttpClientBase.SendAsync(HttpRequestMessage message, HttpCompletionOption completionOption, Object userState, CancellationToken cancellationToken)
   at Sdk.WebApi.WebApi.RawHttpClientBase.SendAsync[T](HttpRequestMessage message, Boolean readErrorBody, Object userState, CancellationToken cancellationToken)
   at Sdk.WebApi.WebApi.RawHttpClientBase.SendAsync[T](HttpMethod method, IEnumerable`1 additionalHeaders, Uri requestUri, HttpContent content, IEnumerable`1 queryParameters, Boolean readErrorBody, Object userState, CancellationToken cancellationToken)
   at GitHub.Actions.RunService.WebApi.RunServiceHttpClient.RenewJobAsync(Uri requestUri, Guid planId, Guid jobId, CancellationToken cancellationToken)
   at GitHub.Runner.Common.RunServer.<>c__DisplayClass8_0.<<RenewJobAsync>b__0>d.MoveNext()
--- End of stack trace from previous location ---
   at GitHub.Runner.Common.RunnerService.RetryRequest[T](Func`1 func, CancellationToken cancellationToken, Int32 maxAttempts, Func`2 shouldRetry)
[2026-09-27 11:26:08Z WARN RunServer] Back off 5,555 seconds before next retry. 1 attempt left.
[2026-09-27 11:26:13Z ERR  GitHubActionsService] POST request to https://run-actions-3-azure-eastus.actions.githubusercontent.com/97/renewjob is not authorized. Details: You are not authorized to access https://run-actions-3-azure-eastus.actions.githubusercontent.com.
[2026-09-27 11:26:13Z ERR  JobDispatcher] Catch exception during renew runner job 70ee4145-4776-5089-a572-96f392e7da4f.
[2026-09-27 11:26:13Z ERR  JobDispatcher] GitHub.Services.Common.VssUnauthorizedException: You are not authorized to access https://run-actions-3-azure-eastus.actions.githubusercontent.com.
   at GitHub.Services.Common.RawHttpMessageHandler.SendAsync(HttpRequestMessage request, CancellationToken cancellationToken)
   at GitHub.Services.Common.VssHttpRetryMessageHandler.SendAsync(HttpRequestMessage request, CancellationToken cancellationToken)
   at System.Net.Http.HttpClient.<SendAsync>g__Core|83_0(HttpRequestMessage request, HttpCompletionOption completionOption, CancellationTokenSource cts, Boolean disposeCts, CancellationTokenSource pendingRequestsCts, CancellationToken originalCancellationToken)
   at Sdk.WebApi.WebApi.RawHttpClientBase.SendAsync(HttpRequestMessage message, HttpCompletionOption completionOption, Object userState, CancellationToken cancellationToken)
   at Sdk.WebApi.WebApi.RawHttpClientBase.SendAsync[T](HttpRequestMessage message, Boolean readErrorBody, Object userState, CancellationToken cancellationToken)
   at Sdk.WebApi.WebApi.RawHttpClientBase.SendAsync[T](HttpMethod method, IEnumerable`1 additionalHeaders, Uri requestUri, HttpContent content, IEnumerable`1 queryParameters, Boolean readErrorBody, Object userState, CancellationToken cancellationToken)
   at GitHub.Actions.RunService.WebApi.RunServiceHttpClient.RenewJobAsync(Uri requestUri, Guid planId, Guid jobId, CancellationToken cancellationToken)
   at GitHub.Runner.Common.RunServer.<>c__DisplayClass8_0.<<RenewJobAsync>b__0>d.MoveNext()
--- End of stack trace from previous location ---
   at GitHub.Runner.Common.RunnerService.RetryRequest[T](Func`1 func, CancellationToken cancellationToken, Int32 maxAttempts, Func`2 shouldRetry)
   at GitHub.Runner.Listener.JobDispatcher.RenewJobRequestAsync(IRunServer runServer, Guid planId, Guid jobId, TaskCompletionSource`1 firstJobRequestRenewed, CancellationToken token)
[2026-09-27 11:26:18Z ERR  GitHubActionsService] POST request to https://run-actions-3-azure-eastus.actions.githubusercontent.com/97/renewjob is not authorized. Details: You are not authorized to access https://run-actions-3-azure-eastus.actions.githubusercontent.com.
[2026-09-27 11:26:18Z ERR  RunServer] Catch exception during request
[2026-09-27 11:26:18Z ERR  RunServer] GitHub.Services.Common.VssUnauthorizedException: You are not authorized to access https://run-actions-3-azure-eastus.actions.githubusercontent.com.
   at GitHub.Services.Common.RawHttpMessageHandler.SendAsync(HttpRequestMessage request, CancellationToken cancellationToken)
   at GitHub.Services.Common.VssHttpRetryMessageHandler.SendAsync(HttpRequestMessage request, CancellationToken cancellationToken)
   at System.Net.Http.HttpClient.<SendAsync>g__Core|83_0(HttpRequestMessage request, HttpCompletionOption completionOption, CancellationTokenSource cts, Boolean disposeCts, CancellationTokenSource pendingRequestsCts, CancellationToken originalCancellationToken)
   at Sdk.WebApi.WebApi.RawHttpClientBase.SendAsync(HttpRequestMessage message, HttpCompletionOption completionOption, Object userState, CancellationToken cancellationToken)
   at Sdk.WebApi.WebApi.RawHttpClientBase.SendAsync[T](HttpRequestMessage message, Boolean readErrorBody, Object userState, CancellationToken cancellationToken)
   at Sdk.WebApi.WebApi.RawHttpClientBase.SendAsync[T](HttpMethod method, IEnumerable`1 additionalHeaders, Uri requestUri, HttpContent content, IEnumerable`1 queryParameters, Boolean readErrorBody, Object userState, CancellationToken cancellationToken)
   at GitHub.Actions.RunService.WebApi.RunServiceHttpClient.RenewJobAsync(Uri requestUri, Guid planId, Guid jobId, CancellationToken cancellationToken)
   at GitHub.Runner.Common.RunServer.<>c__DisplayClass8_0.<<RenewJobAsync>b__0>d.MoveNext()
--- End of stack trace from previous location ---
   at GitHub.Runner.Common.RunnerService.RetryRequest[T](Func`1 func, CancellationToken cancellationToken, Int32 maxAttempts, Func`2 shouldRetry)
[2026-09-27 11:26:18Z WARN RunServer] Back off 12,994 seconds before next retry. 3 attempt left.
[2026-09-27 11:26:31Z ERR  GitHubActionsService] POST request to https://run-actions-3-azure-eastus.actions.githubusercontent.com/97/renewjob is not authorized. Details: You are not authorized to access https://run-actions-3-azure-eastus.actions.githubusercontent.com.
[2026-09-27 11:26:31Z ERR  RunServer] Catch exception during request
[2026-09-27 11:26:31Z ERR  RunServer] GitHub.Services.Common.VssUnauthorizedException: You are not authorized to access https://run-actions-3-azure-eastus.actions.githubusercontent.com.
   at GitHub.Services.Common.RawHttpMessageHandler.SendAsync(HttpRequestMessage request, CancellationToken cancellationToken)
   at GitHub.Services.Common.VssHttpRetryMessageHandler.SendAsync(HttpRequestMessage request, CancellationToken cancellationToken)
   at System.Net.Http.HttpClient.<SendAsync>g__Core|83_0(HttpRequestMessage request, HttpCompletionOption completionOption, CancellationTokenSource cts, Boolean disposeCts, CancellationTokenSource pendingRequestsCts, CancellationToken originalCancellationToken)
   at Sdk.WebApi.WebApi.RawHttpClientBase.SendAsync(HttpRequestMessage message, HttpCompletionOption completionOption, Object userState, CancellationToken cancellationToken)
   at Sdk.WebApi.WebApi.RawHttpClientBase.SendAsync[T](HttpRequestMessage message, Boolean readErrorBody, Object userState, CancellationToken cancellationToken)
   at Sdk.WebApi.WebApi.RawHttpClientBase.SendAsync[T](HttpMethod method, IEnumerable`1 additionalHeaders, Uri requestUri, HttpContent content, IEnumerable`1 queryParameters, Boolean readErrorBody, Object userState, CancellationToken cancellationToken)
   at GitHub.Actions.RunService.WebApi.RunServiceHttpClient.RenewJobAsync(Uri requestUri, Guid planId, Guid jobId, CancellationToken cancellationToken)
   at GitHub.Runner.Common.RunServer.<>c__DisplayClass8_0.<<RenewJobAsync>b__0>d.MoveNext()
--- End of stack trace from previous location ---
   at GitHub.Runner.Common.RunnerService.RetryRequest[T](Func`1 func, CancellationToken cancellationToken, Int32 maxAttempts, Func`2 shouldRetry)
[2026-09-27 11:26:31Z WARN RunServer] Back off 13,465 seconds before next retry. 2 attempt left.
[2026-09-27 11:26:45Z ERR  GitHubActionsService] POST request to https://run-actions-3-azure-eastus.actions.githubusercontent.com/97/renewjob is not authorized. Details: You are not authorized to access https://run-actions-3-azure-eastus.actions.githubusercontent.com.
[2026-09-27 11:26:45Z ERR  RunServer] Catch exception during request
[2026-09-27 11:26:45Z ERR  RunServer] GitHub.Services.Common.VssUnauthorizedException: You are not authorized to access https://run-actions-3-azure-eastus.actions.githubusercontent.com.
   at GitHub.Services.Common.RawHttpMessageHandler.SendAsync(HttpRequestMessage request, CancellationToken cancellationToken)
   at GitHub.Services.Common.VssHttpRetryMessageHandler.SendAsync(HttpRequestMessage request, CancellationToken cancellationToken)
   at System.Net.Http.HttpClient.<SendAsync>g__Core|83_0(HttpRequestMessage request, HttpCompletionOption completionOption, CancellationTokenSource cts, Boolean disposeCts, CancellationTokenSource pendingRequestsCts, CancellationToken originalCancellationToken)
   at Sdk.WebApi.WebApi.RawHttpClientBase.SendAsync(HttpRequestMessage message, HttpCompletionOption completionOption, Object userState, CancellationToken cancellationToken)
   at Sdk.WebApi.WebApi.RawHttpClientBase.SendAsync[T](HttpRequestMessage message, Boolean readErrorBody, Object userState, CancellationToken cancellationToken)
   at Sdk.WebApi.WebApi.RawHttpClientBase.SendAsync[T](HttpMethod method, IEnumerable`1 additionalHeaders, Uri requestUri, HttpContent content, IEnumerable`1 queryParameters, Boolean readErrorBody, Object userState, CancellationToken cancellationToken)
   at GitHub.Actions.RunService.WebApi.RunServiceHttpClient.RenewJobAsync(Uri requestUri, Guid planId, Guid jobId, CancellationToken cancellationToken)
   at GitHub.Runner.Common.RunServer.<>c__DisplayClass8_0.<<RenewJobAsync>b__0>d.MoveNext()
--- End of stack trace from previous location ---
   at GitHub.Runner.Common.RunnerService.RetryRequest[T](Func`1 func, CancellationToken cancellationToken, Int32 maxAttempts, Func`2 shouldRetry)
[2026-09-27 11:26:45Z WARN RunServer] Back off 8,33 seconds before next retry. 1 attempt left.
[2026-09-27 11:26:53Z ERR  GitHubActionsService] POST request to https://run-actions-3-azure-eastus.actions.githubusercontent.com/97/renewjob is not authorized. Details: You are not authorized to access https://run-actions-3-azure-eastus.actions.githubusercontent.com.
[2026-09-27 11:26:53Z ERR  JobDispatcher] Catch exception during renew runner job 14ac59f0-39fa-555f-abc0-32888428d909.
[2026-09-27 11:26:53Z ERR  JobDispatcher] GitHub.Services.Common.VssUnauthorizedException: You are not authorized to access https://run-actions-3-azure-eastus.actions.githubusercontent.com.
   at GitHub.Services.Common.RawHttpMessageHandler.SendAsync(HttpRequestMessage request, CancellationToken cancellationToken)
   at GitHub.Services.Common.VssHttpRetryMessageHandler.SendAsync(HttpRequestMessage request, CancellationToken cancellationToken)
   at System.Net.Http.HttpClient.<SendAsync>g__Core|83_0(HttpRequestMessage request, HttpCompletionOption completionOption, CancellationTokenSource cts, Boolean disposeCts, CancellationTokenSource pendingRequestsCts, CancellationToken originalCancellationToken)
   at Sdk.WebApi.WebApi.RawHttpClientBase.SendAsync(HttpRequestMessage message, HttpCompletionOption completionOption, Object userState, CancellationToken cancellationToken)
   at Sdk.WebApi.WebApi.RawHttpClientBase.SendAsync[T](HttpRequestMessage message, Boolean readErrorBody, Object userState, CancellationToken cancellationToken)
   at Sdk.WebApi.WebApi.RawHttpClientBase.SendAsync[T](HttpMethod method, IEnumerable`1 additionalHeaders, Uri requestUri, HttpContent content, IEnumerable`1 queryParameters, Boolean readErrorBody, Object userState, CancellationToken cancellationToken)
   at GitHub.Actions.RunService.WebApi.RunServiceHttpClient.RenewJobAsync(Uri requestUri, Guid planId, Guid jobId, CancellationToken cancellationToken)
   at GitHub.Runner.Common.RunServer.<>c__DisplayClass8_0.<<RenewJobAsync>b__0>d.MoveNext()
--- End of stack trace from previous location ---
   at GitHub.Runner.Common.RunnerService.RetryRequest[T](Func`1 func, CancellationToken cancellationToken, Int32 maxAttempts, Func`2 shouldRetry)
   at GitHub.Runner.Listener.JobDispatcher.RenewJobRequestAsync(IRunServer runServer, Guid planId, Guid jobId, TaskCompletionSource`1 firstJobRequestRenewed, CancellationToken token)
[2026-09-27 11:29:17Z INFO JobDispatcher] Job cancellation request 14ac59f0-39fa-555f-abc0-32888428d909 received, cancellation timeout 5 minutes.
[2026-09-27 11:29:17Z INFO JobDispatcher] Job cancellation request 14ac59f0-39fa-555f-abc0-32888428d909 received, cancellation timeout 5 minutes.
[2026-09-27 11:29:17Z INFO JobDispatcher] Job cancellation request 14ac59f0-39fa-555f-abc0-32888428d909 received, cancellation timeout 5 minutes.
[2026-09-27 11:29:17Z INFO JobDispatcher] Job cancellation request 14ac59f0-39fa-555f-abc0-32888428d909 received, cancellation timeout 5 minutes.
