[2026-09-26 13:01:54Z INFO HostContext] No proxy settings were found based on environmental variables (http_proxy/https_proxy/HTTP_PROXY/HTTPS_PROXY)
[2026-09-26 13:01:54Z INFO HostContext] Well known directory 'Bin': 'C:\Users\chenz\Downloads\terraform-nca\actions-runner\bin'
[2026-09-26 13:01:54Z INFO HostContext] Well known directory 'Root': 'C:\Users\chenz\Downloads\terraform-nca\actions-runner'
[2026-09-26 13:01:54Z INFO HostContext] Well known config file 'Credentials': 'C:\Users\chenz\Downloads\terraform-nca\actions-runner\.credentials'
[2026-09-26 13:01:54Z INFO HostContext] Well known directory 'Bin': 'C:\Users\chenz\Downloads\terraform-nca\actions-runner\bin'
[2026-09-26 13:01:54Z INFO HostContext] Well known directory 'Root': 'C:\Users\chenz\Downloads\terraform-nca\actions-runner'
[2026-09-26 13:01:54Z INFO HostContext] Well known config file 'Runner': 'C:\Users\chenz\Downloads\terraform-nca\actions-runner\.runner'
[2026-09-26 13:01:54Z INFO Listener] Runner is built for Windows (X64) - win-x64.
[2026-09-26 13:01:54Z INFO Listener] RuntimeInformation: Microsoft Windows 10.0.26200.
[2026-09-26 13:01:54Z INFO Listener] Version: 2.337.0
[2026-09-26 13:01:54Z INFO Listener] Commit: 397b032cbf865e9c3ddfab89d533ec19325e1273
[2026-09-26 13:01:54Z INFO Listener] Culture: nl-NL
[2026-09-26 13:01:54Z INFO Listener] UI Culture: nl-NL
[2026-09-26 13:01:54Z INFO HostContext] Well known directory 'Bin': 'C:\Users\chenz\Downloads\terraform-nca\actions-runner\bin'
[2026-09-26 13:01:54Z INFO HostContext] Well known directory 'Root': 'C:\Users\chenz\Downloads\terraform-nca\actions-runner'
[2026-09-26 13:01:54Z INFO Listener] Validating directory permissions for: 'C:\Users\chenz\Downloads\terraform-nca\actions-runner'
[2026-09-26 13:01:54Z INFO CommandLineParser] Parse
[2026-09-26 13:01:54Z INFO CommandLineParser] Parsing 1 args
[2026-09-26 13:01:54Z INFO CommandLineParser] parsing argument
[2026-09-26 13:01:54Z INFO CommandLineParser] HasArgs: False
[2026-09-26 13:01:54Z INFO CommandLineParser] Adding Command: run
[2026-09-26 13:01:54Z INFO Listener] Arguments parsed
[2026-09-26 13:01:54Z INFO Runner] ExecuteCommand
[2026-09-26 13:01:54Z INFO ConfigurationStore] currentAssemblyLocation: C:\Users\chenz\Downloads\terraform-nca\actions-runner\bin\Runner.Listener.dll
[2026-09-26 13:01:54Z INFO HostContext] Well known directory 'Bin': 'C:\Users\chenz\Downloads\terraform-nca\actions-runner\bin'
[2026-09-26 13:01:54Z INFO ConfigurationStore] binPath: C:\Users\chenz\Downloads\terraform-nca\actions-runner\bin
[2026-09-26 13:01:54Z INFO HostContext] Well known directory 'Bin': 'C:\Users\chenz\Downloads\terraform-nca\actions-runner\bin'
[2026-09-26 13:01:54Z INFO HostContext] Well known directory 'Root': 'C:\Users\chenz\Downloads\terraform-nca\actions-runner'
[2026-09-26 13:01:54Z INFO ConfigurationStore] RootFolder: C:\Users\chenz\Downloads\terraform-nca\actions-runner
[2026-09-26 13:01:54Z INFO HostContext] Well known directory 'Bin': 'C:\Users\chenz\Downloads\terraform-nca\actions-runner\bin'
[2026-09-26 13:01:54Z INFO HostContext] Well known directory 'Root': 'C:\Users\chenz\Downloads\terraform-nca\actions-runner'
[2026-09-26 13:01:54Z INFO HostContext] Well known config file 'Runner': 'C:\Users\chenz\Downloads\terraform-nca\actions-runner\.runner'
[2026-09-26 13:01:54Z INFO ConfigurationStore] ConfigFilePath: C:\Users\chenz\Downloads\terraform-nca\actions-runner\.runner
[2026-09-26 13:01:54Z INFO HostContext] Well known directory 'Bin': 'C:\Users\chenz\Downloads\terraform-nca\actions-runner\bin'
[2026-09-26 13:01:54Z INFO HostContext] Well known directory 'Root': 'C:\Users\chenz\Downloads\terraform-nca\actions-runner'
[2026-09-26 13:01:54Z INFO HostContext] Well known config file 'MigratedRunner': 'C:\Users\chenz\Downloads\terraform-nca\actions-runner\.runner_migrated'
[2026-09-26 13:01:54Z INFO ConfigurationStore] MigratedConfigFilePath: C:\Users\chenz\Downloads\terraform-nca\actions-runner\.runner_migrated
[2026-09-26 13:01:54Z INFO HostContext] Well known directory 'Bin': 'C:\Users\chenz\Downloads\terraform-nca\actions-runner\bin'
[2026-09-26 13:01:54Z INFO HostContext] Well known directory 'Root': 'C:\Users\chenz\Downloads\terraform-nca\actions-runner'
[2026-09-26 13:01:54Z INFO HostContext] Well known config file 'Credentials': 'C:\Users\chenz\Downloads\terraform-nca\actions-runner\.credentials'
[2026-09-26 13:01:54Z INFO ConfigurationStore] CredFilePath: C:\Users\chenz\Downloads\terraform-nca\actions-runner\.credentials
[2026-09-26 13:01:54Z INFO HostContext] Well known directory 'Bin': 'C:\Users\chenz\Downloads\terraform-nca\actions-runner\bin'
[2026-09-26 13:01:54Z INFO HostContext] Well known directory 'Root': 'C:\Users\chenz\Downloads\terraform-nca\actions-runner'
[2026-09-26 13:01:54Z INFO HostContext] Well known config file 'MigratedCredentials': 'C:\Users\chenz\Downloads\terraform-nca\actions-runner\.credentials_migrated'
[2026-09-26 13:01:54Z INFO ConfigurationStore] MigratedCredFilePath: C:\Users\chenz\Downloads\terraform-nca\actions-runner\.credentials_migrated
[2026-09-26 13:01:54Z INFO HostContext] Well known directory 'Bin': 'C:\Users\chenz\Downloads\terraform-nca\actions-runner\bin'
[2026-09-26 13:01:54Z INFO HostContext] Well known directory 'Root': 'C:\Users\chenz\Downloads\terraform-nca\actions-runner'
[2026-09-26 13:01:54Z INFO HostContext] Well known config file 'Service': 'C:\Users\chenz\Downloads\terraform-nca\actions-runner\.service'
[2026-09-26 13:01:54Z INFO ConfigurationStore] ServiceConfigFilePath: C:\Users\chenz\Downloads\terraform-nca\actions-runner\.service
[2026-09-26 13:01:54Z INFO CommandSettings] Flag 'help': 'False'
[2026-09-26 13:01:54Z INFO CommandSettings] Flag 'version': 'False'
[2026-09-26 13:01:54Z INFO CommandSettings] Flag 'commit': 'False'
[2026-09-26 13:01:54Z INFO CommandSettings] Flag 'check': 'False'
[2026-09-26 13:01:54Z INFO CommandSettings] Command 'configure': 'False'
[2026-09-26 13:01:54Z INFO CommandSettings] Command 'remove': 'False'
[2026-09-26 13:01:54Z INFO CommandSettings] Command 'warmup': 'False'
[2026-09-26 13:01:54Z INFO ConfigurationManager] LoadSettings
[2026-09-26 13:01:54Z INFO ConfigurationStore] IsConfigured()
[2026-09-26 13:01:54Z INFO ConfigurationStore] IsConfigured: True
[2026-09-26 13:01:54Z INFO ConfigurationManager] Is configured: True
[2026-09-26 13:01:54Z INFO ConfigurationStore] Read setting file: 398 chars
[2026-09-26 13:01:54Z INFO ConfigurationManager] Settings Loaded
[2026-09-26 13:01:54Z INFO ConfigurationStore] IsServiceConfigured()
[2026-09-26 13:01:54Z INFO ConfigurationStore] IsServiceConfigured: False
[2026-09-26 13:01:54Z INFO CommandSettings] Command 'run': 'True'
[2026-09-26 13:01:54Z INFO ConfigurationStore] IsConfigured()
[2026-09-26 13:01:54Z INFO ConfigurationStore] IsConfigured: True
[2026-09-26 13:01:54Z INFO ConfigurationManager] Is configured: True
[2026-09-26 13:01:54Z INFO Runner] Could not parse the argument value '' for StartupType. Defaulting to Manual
[2026-09-26 13:01:54Z INFO Runner] Set runner startup type - Manual
[2026-09-26 13:01:54Z INFO CommandSettings] Flag 'once': 'False'
[2026-09-26 13:01:54Z INFO CommandSettings] Flag 'once': 'False'
[2026-09-26 13:01:54Z INFO Runner] RunAsync
[2026-09-26 13:01:54Z INFO HostContext] Well known directory 'Bin': 'C:\Users\chenz\Downloads\terraform-nca\actions-runner\bin'
[2026-09-26 13:01:54Z INFO HostContext] Well known directory 'Root': 'C:\Users\chenz\Downloads\terraform-nca\actions-runner'
[2026-09-26 13:01:54Z INFO HostContext] Well known directory 'Work': 'C:\Users\chenz\Downloads\terraform-nca\actions-runner\_work'
[2026-09-26 13:01:54Z INFO Runner] Validating directory permissions for: 'C:\Users\chenz\Downloads\terraform-nca\actions-runner\_work'
[2026-09-26 13:01:54Z INFO ConfigurationManager] LoadMigratedSettings
[2026-09-26 13:01:54Z INFO ConfigurationStore] IsMigratedConfigured()
[2026-09-26 13:01:54Z INFO ConfigurationStore] IsMigratedConfigured: False
[2026-09-26 13:01:54Z INFO Runner] Failed to load migrated settings: No migrated configuration found.
[2026-09-26 13:01:54Z INFO Runner] Falling back to original .runner settings
[2026-09-26 13:01:54Z INFO Runner] Using BrokerMessageListener
[2026-09-26 13:01:54Z INFO BrokerMessageListener] Using provided settings
[2026-09-26 13:01:54Z INFO BrokerMessageListener] {
  "AgentId": 2,
  "AgentName": "ZINAN",
  "PoolId": 1,
  "PoolName": "Default",
  "ServerUrl": "https://pipelinesghubeus15.actions.githubusercontent.com/2WzNlrq9gB8vZ1VFT2Pk022Fg2NYtdQIW2zwJre3YGUQowYKVm/",
  "GitHubUrl": "https://github.com/chenzinan869-web/case-study-1",
  "WorkFolder": "_work",
  "UseV2Flow": true,
  "ServerUrlV2": "https://broker.actions.githubusercontent.com/"
}
[2026-09-26 13:01:54Z INFO BrokerMessageListener] Loading Credentials
[2026-09-26 13:01:54Z INFO ConfigurationStore] HasCredentials()
[2026-09-26 13:01:54Z INFO ConfigurationStore] stored True
[2026-09-26 13:01:54Z INFO CredentialManager] GetCredentialProvider
[2026-09-26 13:01:54Z INFO CredentialManager] Creating type OAuth
[2026-09-26 13:01:54Z INFO CredentialManager] Creating credential type: OAuth
[2026-09-26 13:01:54Z INFO HostContext] Well known directory 'Bin': 'C:\Users\chenz\Downloads\terraform-nca\actions-runner\bin'
[2026-09-26 13:01:54Z INFO HostContext] Well known directory 'Root': 'C:\Users\chenz\Downloads\terraform-nca\actions-runner'
[2026-09-26 13:01:54Z INFO HostContext] Well known config file 'RSACredentials': 'C:\Users\chenz\Downloads\terraform-nca\actions-runner\.credentials_rsaparams'
[2026-09-26 13:01:54Z INFO RSAEncryptedFileKeyManager] Loading RSA key parameters from file C:\Users\chenz\Downloads\terraform-nca\actions-runner\.credentials_rsaparams
[2026-09-26 13:01:54Z INFO BrokerMessageListener] Attempt to create session.
[2026-09-26 13:01:54Z INFO BrokerMessageListener] Connecting to the Broker Server...
[2026-09-26 13:01:54Z INFO ConfigurationStore] HasCredentials()
[2026-09-26 13:01:54Z INFO ConfigurationStore] stored True
[2026-09-26 13:01:54Z INFO CredentialManager] GetCredentialProvider
[2026-09-26 13:01:54Z INFO CredentialManager] Creating type OAuth
[2026-09-26 13:01:54Z INFO CredentialManager] Creating credential type: OAuth
[2026-09-26 13:01:54Z INFO RSAEncryptedFileKeyManager] Loading RSA key parameters from file C:\Users\chenz\Downloads\terraform-nca\actions-runner\.credentials_rsaparams
[2026-09-26 13:01:54Z INFO BrokerMessageListener] VssConnection created
[2026-09-26 13:01:54Z INFO BrokerMessageListener] Connecting to the Runner server...
[2026-09-26 13:01:54Z INFO RunnerServer] EstablishVssConnection
[2026-09-26 13:01:54Z INFO RunnerServer] Establish connection with 100 seconds timeout.
[2026-09-26 13:01:54Z INFO GitHubActionsService] Starting operation Location.GetConnectionData
[2026-09-26 13:01:54Z INFO RunnerServer] EstablishVssConnection
[2026-09-26 13:01:54Z INFO RunnerServer] Establish connection with 60 seconds timeout.
[2026-09-26 13:01:54Z INFO GitHubActionsService] Starting operation Location.GetConnectionData
[2026-09-26 13:01:54Z INFO RunnerServer] EstablishVssConnection
[2026-09-26 13:01:54Z INFO RunnerServer] Establish connection with 60 seconds timeout.
[2026-09-26 13:01:54Z INFO GitHubActionsService] Starting operation Location.GetConnectionData
[2026-09-26 13:01:55Z INFO GitHubActionsService] Finished operation Location.GetConnectionData
[2026-09-26 13:01:55Z INFO GitHubActionsService] Finished operation Location.GetConnectionData
[2026-09-26 13:01:55Z INFO GitHubActionsService] Finished operation Location.GetConnectionData
[2026-09-26 13:01:55Z INFO BrokerMessageListener] VssConnection created
[2026-09-26 13:01:55Z INFO Terminal] WRITE LINE: 
[2026-09-26 13:01:55Z INFO Terminal] WRITE LINE: 
[2026-09-26 13:01:55Z INFO RSAEncryptedFileKeyManager] Loading RSA key parameters from file C:\Users\chenz\Downloads\terraform-nca\actions-runner\.credentials_rsaparams
[2026-09-26 13:01:55Z INFO RSAEncryptedFileKeyManager] Loading RSA key parameters from file C:\Users\chenz\Downloads\terraform-nca\actions-runner\.credentials_rsaparams
[2026-09-26 13:01:56Z INFO GitHubActionsService] AAD Correlation ID for this token request: Unknown
[2026-09-26 13:01:56Z INFO BrokerMessageListener] Session created.
[2026-09-26 13:01:56Z INFO Terminal] WRITE LINE: Current runner version: '2.337.0'
[2026-09-26 13:01:56Z INFO Terminal] WRITE LINE: 2026-09-26 13:01:56Z: Listening for Jobs
[2026-09-26 13:01:56Z INFO JobDispatcher] Set runner/worker IPC timeout to 30 seconds.
[2026-09-26 13:34:40Z WARN GitHubActionsService] GET request to https://broker.actions.githubusercontent.com/message?sessionId=986405f9-2727-4a5a-ae8f-438c47f7e1c3&status=Online&runnerVersion=2.337.0&os=Windows&architecture=X64&disableUpdate=false timed out after 100 seconds.
[2026-09-26 13:34:40Z ERR  BrokerServer] Catch exception during request
[2026-09-26 13:34:40Z ERR  BrokerServer] System.TimeoutException: The HTTP request timed out after 00:01:40.
 ---> System.Threading.Tasks.TaskCanceledException: The operation was canceled.
 ---> System.IO.IOException: Unable to read data from the transport connection: De I/O-bewerking is afgebroken vanwege het afsluiten van een thread of vanwege een opdracht van een toepassing..
 ---> System.Net.Sockets.SocketException (995): De I/O-bewerking is afgebroken vanwege het afsluiten van een thread of vanwege een opdracht van een toepassing.
   --- End of inner exception stack trace ---
   at System.Net.Sockets.Socket.AwaitableSocketAsyncEventArgs.ThrowException(SocketError error, CancellationToken cancellationToken)
   at System.Net.Sockets.Socket.AwaitableSocketAsyncEventArgs.System.Threading.Tasks.Sources.IValueTaskSource<System.Int32>.GetResult(Int16 token)
   at System.Net.Security.SslStream.EnsureFullTlsFrameAsync[TIOAdapter](CancellationToken cancellationToken, Int32 estimatedSize)
   at System.Runtime.CompilerServices.PoolingAsyncValueTaskMethodBuilder`1.StateMachineBox`1.System.Threading.Tasks.Sources.IValueTaskSource<TResult>.GetResult(Int16 token)
   at System.Net.Security.SslStream.ReadAsyncInternal[TIOAdapter](Memory`1 buffer, CancellationToken cancellationToken)
   at System.Runtime.CompilerServices.PoolingAsyncValueTaskMethodBuilder`1.StateMachineBox`1.System.Threading.Tasks.Sources.IValueTaskSource<TResult>.GetResult(Int16 token)
   at System.Net.Http.HttpConnection.SendAsync(HttpRequestMessage request, Boolean async, CancellationToken cancellationToken)
   --- End of inner exception stack trace ---
   at System.Net.Http.HttpConnection.SendAsync(HttpRequestMessage request, Boolean async, CancellationToken cancellationToken)
   at System.Net.Http.AuthenticationHelper.SendWithNtAuthAsync(HttpRequestMessage request, Uri authUri, Boolean async, ICredentials credentials, Boolean isProxyAuth, HttpConnection connection, HttpConnectionPool connectionPool, CancellationToken cancellationToken)
   at System.Net.Http.HttpConnectionPool.SendWithVersionDetectionAndRetryAsync(HttpRequestMessage request, Boolean async, Boolean doRequestAuth, CancellationToken cancellationToken)
   at System.Net.Http.AuthenticationHelper.SendWithAuthAsync(HttpRequestMessage request, Uri authUri, Boolean async, ICredentials credentials, Boolean preAuthenticate, Boolean isProxyAuth, Boolean doRequestAuth, HttpConnectionPool pool, CancellationToken cancellationToken)
   at System.Net.Http.RedirectHandler.SendAsync(HttpRequestMessage request, Boolean async, CancellationToken cancellationToken)
   at GitHub.Services.Common.RawHttpMessageHandler.SendAsync(HttpRequestMessage request, CancellationToken cancellationToken)
   --- End of inner exception stack trace ---
   at GitHub.Services.Common.RawHttpMessageHandler.SendAsync(HttpRequestMessage request, CancellationToken cancellationToken)
   at GitHub.Services.Common.VssHttpRetryMessageHandler.SendAsync(HttpRequestMessage request, CancellationToken cancellationToken)
   at System.Net.Http.HttpClient.<SendAsync>g__Core|83_0(HttpRequestMessage request, HttpCompletionOption completionOption, CancellationTokenSource cts, Boolean disposeCts, CancellationTokenSource pendingRequestsCts, CancellationToken originalCancellationToken)
   at Sdk.WebApi.WebApi.RawHttpClientBase.SendAsync(HttpRequestMessage message, HttpCompletionOption completionOption, Object userState, CancellationToken cancellationToken)
   at Sdk.WebApi.WebApi.RawHttpClientBase.SendAsync[T](HttpRequestMessage message, Boolean readErrorBody, Object userState, CancellationToken cancellationToken)
   at Sdk.WebApi.WebApi.RawHttpClientBase.SendAsync[T](HttpMethod method, IEnumerable`1 additionalHeaders, Uri requestUri, HttpContent content, IEnumerable`1 queryParameters, Boolean readErrorBody, Object userState, CancellationToken cancellationToken)
   at GitHub.Actions.RunService.WebApi.BrokerHttpClient.GetRunnerMessageAsync(Nullable`1 sessionId, String runnerVersion, Nullable`1 status, String os, String architecture, Nullable`1 disableUpdate, CancellationToken cancellationToken)
   at GitHub.Runner.Common.BrokerServer.<>c__DisplayClass7_0.<<GetRunnerMessageAsync>b__0>d.MoveNext()
--- End of stack trace from previous location ---
   at GitHub.Runner.Common.RunnerService.RetryRequest[T](Func`1 func, CancellationToken cancellationToken, Int32 maxAttempts, Func`2 shouldRetry)
[2026-09-26 13:34:40Z ERR  BrokerServer] #####################################################
[2026-09-26 13:34:40Z ERR  BrokerServer] System.Threading.Tasks.TaskCanceledException: The operation was canceled.
 ---> System.IO.IOException: Unable to read data from the transport connection: De I/O-bewerking is afgebroken vanwege het afsluiten van een thread of vanwege een opdracht van een toepassing..
 ---> System.Net.Sockets.SocketException (995): De I/O-bewerking is afgebroken vanwege het afsluiten van een thread of vanwege een opdracht van een toepassing.
   --- End of inner exception stack trace ---
   at System.Net.Sockets.Socket.AwaitableSocketAsyncEventArgs.ThrowException(SocketError error, CancellationToken cancellationToken)
   at System.Net.Sockets.Socket.AwaitableSocketAsyncEventArgs.System.Threading.Tasks.Sources.IValueTaskSource<System.Int32>.GetResult(Int16 token)
   at System.Net.Security.SslStream.EnsureFullTlsFrameAsync[TIOAdapter](CancellationToken cancellationToken, Int32 estimatedSize)
   at System.Runtime.CompilerServices.PoolingAsyncValueTaskMethodBuilder`1.StateMachineBox`1.System.Threading.Tasks.Sources.IValueTaskSource<TResult>.GetResult(Int16 token)
   at System.Net.Security.SslStream.ReadAsyncInternal[TIOAdapter](Memory`1 buffer, CancellationToken cancellationToken)
   at System.Runtime.CompilerServices.PoolingAsyncValueTaskMethodBuilder`1.StateMachineBox`1.System.Threading.Tasks.Sources.IValueTaskSource<TResult>.GetResult(Int16 token)
   at System.Net.Http.HttpConnection.SendAsync(HttpRequestMessage request, Boolean async, CancellationToken cancellationToken)
   --- End of inner exception stack trace ---
   at System.Net.Http.HttpConnection.SendAsync(HttpRequestMessage request, Boolean async, CancellationToken cancellationToken)
   at System.Net.Http.AuthenticationHelper.SendWithNtAuthAsync(HttpRequestMessage request, Uri authUri, Boolean async, ICredentials credentials, Boolean isProxyAuth, HttpConnection connection, HttpConnectionPool connectionPool, CancellationToken cancellationToken)
   at System.Net.Http.HttpConnectionPool.SendWithVersionDetectionAndRetryAsync(HttpRequestMessage request, Boolean async, Boolean doRequestAuth, CancellationToken cancellationToken)
   at System.Net.Http.AuthenticationHelper.SendWithAuthAsync(HttpRequestMessage request, Uri authUri, Boolean async, ICredentials credentials, Boolean preAuthenticate, Boolean isProxyAuth, Boolean doRequestAuth, HttpConnectionPool pool, CancellationToken cancellationToken)
   at System.Net.Http.RedirectHandler.SendAsync(HttpRequestMessage request, Boolean async, CancellationToken cancellationToken)
   at GitHub.Services.Common.RawHttpMessageHandler.SendAsync(HttpRequestMessage request, CancellationToken cancellationToken)
[2026-09-26 13:34:40Z ERR  BrokerServer] #####################################################
[2026-09-26 13:34:40Z ERR  BrokerServer] System.IO.IOException: Unable to read data from the transport connection: De I/O-bewerking is afgebroken vanwege het afsluiten van een thread of vanwege een opdracht van een toepassing..
 ---> System.Net.Sockets.SocketException (995): De I/O-bewerking is afgebroken vanwege het afsluiten van een thread of vanwege een opdracht van een toepassing.
   --- End of inner exception stack trace ---
   at System.Net.Sockets.Socket.AwaitableSocketAsyncEventArgs.ThrowException(SocketError error, CancellationToken cancellationToken)
   at System.Net.Sockets.Socket.AwaitableSocketAsyncEventArgs.System.Threading.Tasks.Sources.IValueTaskSource<System.Int32>.GetResult(Int16 token)
   at System.Net.Security.SslStream.EnsureFullTlsFrameAsync[TIOAdapter](CancellationToken cancellationToken, Int32 estimatedSize)
   at System.Runtime.CompilerServices.PoolingAsyncValueTaskMethodBuilder`1.StateMachineBox`1.System.Threading.Tasks.Sources.IValueTaskSource<TResult>.GetResult(Int16 token)
   at System.Net.Security.SslStream.ReadAsyncInternal[TIOAdapter](Memory`1 buffer, CancellationToken cancellationToken)
   at System.Runtime.CompilerServices.PoolingAsyncValueTaskMethodBuilder`1.StateMachineBox`1.System.Threading.Tasks.Sources.IValueTaskSource<TResult>.GetResult(Int16 token)
   at System.Net.Http.HttpConnection.SendAsync(HttpRequestMessage request, Boolean async, CancellationToken cancellationToken)
[2026-09-26 13:34:40Z ERR  BrokerServer] #####################################################
[2026-09-26 13:34:40Z ERR  BrokerServer] System.Net.Sockets.SocketException (995): De I/O-bewerking is afgebroken vanwege het afsluiten van een thread of vanwege een opdracht van een toepassing.
[2026-09-26 13:34:40Z WARN BrokerServer] Back off 7,423 seconds before next retry. 4 attempt left.
[2026-09-26 21:53:15Z WARN GitHubActionsService] Attempt 1 of GET request to https://broker.actions.githubusercontent.com/message?sessionId=986405f9-2727-4a5a-ae8f-438c47f7e1c3&status=Online&runnerVersion=2.337.0&os=Windows&architecture=X64&disableUpdate=false failed (Socket Error: ConnectionReset). The operation will be retried in 10,815 seconds.
[2026-09-26 21:53:26Z INFO RSAEncryptedFileKeyManager] Loading RSA key parameters from file C:\Users\chenz\Downloads\terraform-nca\actions-runner\.credentials_rsaparams
[2026-09-26 21:53:26Z INFO GitHubActionsService] AAD Correlation ID for this token request: Unknown
[2026-09-26 21:58:07Z WARN GitHubActionsService] GET request to https://broker.actions.githubusercontent.com/message?sessionId=986405f9-2727-4a5a-ae8f-438c47f7e1c3&status=Online&runnerVersion=2.337.0&os=Windows&architecture=X64&disableUpdate=false timed out after 100 seconds.
[2026-09-26 21:58:07Z ERR  BrokerServer] Catch exception during request
[2026-09-26 21:58:07Z ERR  BrokerServer] System.TimeoutException: The HTTP request timed out after 00:01:40.
 ---> System.Threading.Tasks.TaskCanceledException: The operation was canceled.
 ---> System.IO.IOException: Unable to read data from the transport connection: De I/O-bewerking is afgebroken vanwege het afsluiten van een thread of vanwege een opdracht van een toepassing..
 ---> System.Net.Sockets.SocketException (995): De I/O-bewerking is afgebroken vanwege het afsluiten van een thread of vanwege een opdracht van een toepassing.
   --- End of inner exception stack trace ---
   at System.Net.Sockets.Socket.AwaitableSocketAsyncEventArgs.System.Threading.Tasks.Sources.IValueTaskSource<System.Int32>.GetResult(Int16 token)
   at System.Net.Security.SslStream.EnsureFullTlsFrameAsync[TIOAdapter](CancellationToken cancellationToken, Int32 estimatedSize)
   at System.Runtime.CompilerServices.PoolingAsyncValueTaskMethodBuilder`1.StateMachineBox`1.System.Threading.Tasks.Sources.IValueTaskSource<TResult>.GetResult(Int16 token)
   at System.Net.Security.SslStream.ReadAsyncInternal[TIOAdapter](Memory`1 buffer, CancellationToken cancellationToken)
   at System.Runtime.CompilerServices.PoolingAsyncValueTaskMethodBuilder`1.StateMachineBox`1.System.Threading.Tasks.Sources.IValueTaskSource<TResult>.GetResult(Int16 token)
   at System.Net.Http.HttpConnection.SendAsync(HttpRequestMessage request, Boolean async, CancellationToken cancellationToken)
   --- End of inner exception stack trace ---
   at System.Net.Http.HttpConnection.SendAsync(HttpRequestMessage request, Boolean async, CancellationToken cancellationToken)
   at System.Net.Http.AuthenticationHelper.SendWithNtAuthAsync(HttpRequestMessage request, Uri authUri, Boolean async, ICredentials credentials, Boolean isProxyAuth, HttpConnection connection, HttpConnectionPool connectionPool, CancellationToken cancellationToken)
   at System.Net.Http.HttpConnectionPool.SendWithVersionDetectionAndRetryAsync(HttpRequestMessage request, Boolean async, Boolean doRequestAuth, CancellationToken cancellationToken)
   at System.Net.Http.AuthenticationHelper.SendWithAuthAsync(HttpRequestMessage request, Uri authUri, Boolean async, ICredentials credentials, Boolean preAuthenticate, Boolean isProxyAuth, Boolean doRequestAuth, HttpConnectionPool pool, CancellationToken cancellationToken)
   at System.Net.Http.RedirectHandler.SendAsync(HttpRequestMessage request, Boolean async, CancellationToken cancellationToken)
   at GitHub.Services.Common.RawHttpMessageHandler.SendAsync(HttpRequestMessage request, CancellationToken cancellationToken)
   --- End of inner exception stack trace ---
   at GitHub.Services.Common.RawHttpMessageHandler.SendAsync(HttpRequestMessage request, CancellationToken cancellationToken)
   at GitHub.Services.Common.VssHttpRetryMessageHandler.SendAsync(HttpRequestMessage request, CancellationToken cancellationToken)
   at System.Net.Http.HttpClient.<SendAsync>g__Core|83_0(HttpRequestMessage request, HttpCompletionOption completionOption, CancellationTokenSource cts, Boolean disposeCts, CancellationTokenSource pendingRequestsCts, CancellationToken originalCancellationToken)
   at Sdk.WebApi.WebApi.RawHttpClientBase.SendAsync(HttpRequestMessage message, HttpCompletionOption completionOption, Object userState, CancellationToken cancellationToken)
   at Sdk.WebApi.WebApi.RawHttpClientBase.SendAsync[T](HttpRequestMessage message, Boolean readErrorBody, Object userState, CancellationToken cancellationToken)
   at Sdk.WebApi.WebApi.RawHttpClientBase.SendAsync[T](HttpMethod method, IEnumerable`1 additionalHeaders, Uri requestUri, HttpContent content, IEnumerable`1 queryParameters, Boolean readErrorBody, Object userState, CancellationToken cancellationToken)
   at GitHub.Actions.RunService.WebApi.BrokerHttpClient.GetRunnerMessageAsync(Nullable`1 sessionId, String runnerVersion, Nullable`1 status, String os, String architecture, Nullable`1 disableUpdate, CancellationToken cancellationToken)
   at GitHub.Runner.Common.BrokerServer.<>c__DisplayClass7_0.<<GetRunnerMessageAsync>b__0>d.MoveNext()
--- End of stack trace from previous location ---
   at GitHub.Runner.Common.RunnerService.RetryRequest[T](Func`1 func, CancellationToken cancellationToken, Int32 maxAttempts, Func`2 shouldRetry)
[2026-09-26 21:58:07Z ERR  BrokerServer] #####################################################
[2026-09-26 21:58:07Z ERR  BrokerServer] System.Threading.Tasks.TaskCanceledException: The operation was canceled.
 ---> System.IO.IOException: Unable to read data from the transport connection: De I/O-bewerking is afgebroken vanwege het afsluiten van een thread of vanwege een opdracht van een toepassing..
 ---> System.Net.Sockets.SocketException (995): De I/O-bewerking is afgebroken vanwege het afsluiten van een thread of vanwege een opdracht van een toepassing.
   --- End of inner exception stack trace ---
   at System.Net.Sockets.Socket.AwaitableSocketAsyncEventArgs.System.Threading.Tasks.Sources.IValueTaskSource<System.Int32>.GetResult(Int16 token)
   at System.Net.Security.SslStream.EnsureFullTlsFrameAsync[TIOAdapter](CancellationToken cancellationToken, Int32 estimatedSize)
   at System.Runtime.CompilerServices.PoolingAsyncValueTaskMethodBuilder`1.StateMachineBox`1.System.Threading.Tasks.Sources.IValueTaskSource<TResult>.GetResult(Int16 token)
   at System.Net.Security.SslStream.ReadAsyncInternal[TIOAdapter](Memory`1 buffer, CancellationToken cancellationToken)
   at System.Runtime.CompilerServices.PoolingAsyncValueTaskMethodBuilder`1.StateMachineBox`1.System.Threading.Tasks.Sources.IValueTaskSource<TResult>.GetResult(Int16 token)
   at System.Net.Http.HttpConnection.SendAsync(HttpRequestMessage request, Boolean async, CancellationToken cancellationToken)
   --- End of inner exception stack trace ---
   at System.Net.Http.HttpConnection.SendAsync(HttpRequestMessage request, Boolean async, CancellationToken cancellationToken)
   at System.Net.Http.AuthenticationHelper.SendWithNtAuthAsync(HttpRequestMessage request, Uri authUri, Boolean async, ICredentials credentials, Boolean isProxyAuth, HttpConnection connection, HttpConnectionPool connectionPool, CancellationToken cancellationToken)
   at System.Net.Http.HttpConnectionPool.SendWithVersionDetectionAndRetryAsync(HttpRequestMessage request, Boolean async, Boolean doRequestAuth, CancellationToken cancellationToken)
   at System.Net.Http.AuthenticationHelper.SendWithAuthAsync(HttpRequestMessage request, Uri authUri, Boolean async, ICredentials credentials, Boolean preAuthenticate, Boolean isProxyAuth, Boolean doRequestAuth, HttpConnectionPool pool, CancellationToken cancellationToken)
   at System.Net.Http.RedirectHandler.SendAsync(HttpRequestMessage request, Boolean async, CancellationToken cancellationToken)
   at GitHub.Services.Common.RawHttpMessageHandler.SendAsync(HttpRequestMessage request, CancellationToken cancellationToken)
[2026-09-26 21:58:07Z ERR  BrokerServer] #####################################################
[2026-09-26 21:58:07Z ERR  BrokerServer] System.IO.IOException: Unable to read data from the transport connection: De I/O-bewerking is afgebroken vanwege het afsluiten van een thread of vanwege een opdracht van een toepassing..
 ---> System.Net.Sockets.SocketException (995): De I/O-bewerking is afgebroken vanwege het afsluiten van een thread of vanwege een opdracht van een toepassing.
   --- End of inner exception stack trace ---
   at System.Net.Sockets.Socket.AwaitableSocketAsyncEventArgs.System.Threading.Tasks.Sources.IValueTaskSource<System.Int32>.GetResult(Int16 token)
   at System.Net.Security.SslStream.EnsureFullTlsFrameAsync[TIOAdapter](CancellationToken cancellationToken, Int32 estimatedSize)
   at System.Runtime.CompilerServices.PoolingAsyncValueTaskMethodBuilder`1.StateMachineBox`1.System.Threading.Tasks.Sources.IValueTaskSource<TResult>.GetResult(Int16 token)
   at System.Net.Security.SslStream.ReadAsyncInternal[TIOAdapter](Memory`1 buffer, CancellationToken cancellationToken)
   at System.Runtime.CompilerServices.PoolingAsyncValueTaskMethodBuilder`1.StateMachineBox`1.System.Threading.Tasks.Sources.IValueTaskSource<TResult>.GetResult(Int16 token)
   at System.Net.Http.HttpConnection.SendAsync(HttpRequestMessage request, Boolean async, CancellationToken cancellationToken)
[2026-09-26 21:58:07Z ERR  BrokerServer] #####################################################
[2026-09-26 21:58:07Z ERR  BrokerServer] System.Net.Sockets.SocketException (995): De I/O-bewerking is afgebroken vanwege het afsluiten van een thread of vanwege een opdracht van een toepassing.
[2026-09-26 21:58:07Z WARN BrokerServer] Back off 5,356 seconds before next retry. 4 attempt left.
[2026-09-26 21:59:52Z WARN GitHubActionsService] GET request to https://broker.actions.githubusercontent.com/message?sessionId=986405f9-2727-4a5a-ae8f-438c47f7e1c3&status=Online&runnerVersion=2.337.0&os=Windows&architecture=X64&disableUpdate=false timed out after 100 seconds.
[2026-09-26 21:59:52Z ERR  BrokerServer] Catch exception during request
[2026-09-26 21:59:52Z ERR  BrokerServer] System.TimeoutException: The HTTP request timed out after 00:01:40.
 ---> System.Threading.Tasks.TaskCanceledException: The operation was canceled.
 ---> System.IO.IOException: Unable to read data from the transport connection: De I/O-bewerking is afgebroken vanwege het afsluiten van een thread of vanwege een opdracht van een toepassing..
 ---> System.Net.Sockets.SocketException (995): De I/O-bewerking is afgebroken vanwege het afsluiten van een thread of vanwege een opdracht van een toepassing.
   --- End of inner exception stack trace ---
   at System.Net.Sockets.Socket.AwaitableSocketAsyncEventArgs.System.Threading.Tasks.Sources.IValueTaskSource<System.Int32>.GetResult(Int16 token)
   at System.Net.Security.SslStream.EnsureFullTlsFrameAsync[TIOAdapter](CancellationToken cancellationToken, Int32 estimatedSize)
   at System.Runtime.CompilerServices.PoolingAsyncValueTaskMethodBuilder`1.StateMachineBox`1.System.Threading.Tasks.Sources.IValueTaskSource<TResult>.GetResult(Int16 token)
   at System.Net.Security.SslStream.ReadAsyncInternal[TIOAdapter](Memory`1 buffer, CancellationToken cancellationToken)
   at System.Runtime.CompilerServices.PoolingAsyncValueTaskMethodBuilder`1.StateMachineBox`1.System.Threading.Tasks.Sources.IValueTaskSource<TResult>.GetResult(Int16 token)
   at System.Net.Http.HttpConnection.InitialFillAsync(Boolean async)
   at System.Net.Http.HttpConnection.SendAsync(HttpRequestMessage request, Boolean async, CancellationToken cancellationToken)
   --- End of inner exception stack trace ---
   at System.Net.Http.HttpConnection.SendAsync(HttpRequestMessage request, Boolean async, CancellationToken cancellationToken)
   at System.Net.Http.AuthenticationHelper.SendWithNtAuthAsync(HttpRequestMessage request, Uri authUri, Boolean async, ICredentials credentials, Boolean isProxyAuth, HttpConnection connection, HttpConnectionPool connectionPool, CancellationToken cancellationToken)
   at System.Net.Http.HttpConnectionPool.SendWithVersionDetectionAndRetryAsync(HttpRequestMessage request, Boolean async, Boolean doRequestAuth, CancellationToken cancellationToken)
   at System.Net.Http.AuthenticationHelper.SendWithAuthAsync(HttpRequestMessage request, Uri authUri, Boolean async, ICredentials credentials, Boolean preAuthenticate, Boolean isProxyAuth, Boolean doRequestAuth, HttpConnectionPool pool, CancellationToken cancellationToken)
   at System.Net.Http.RedirectHandler.SendAsync(HttpRequestMessage request, Boolean async, CancellationToken cancellationToken)
   at GitHub.Services.Common.RawHttpMessageHandler.SendAsync(HttpRequestMessage request, CancellationToken cancellationToken)
   --- End of inner exception stack trace ---
   at GitHub.Services.Common.RawHttpMessageHandler.SendAsync(HttpRequestMessage request, CancellationToken cancellationToken)
   at GitHub.Services.Common.VssHttpRetryMessageHandler.SendAsync(HttpRequestMessage request, CancellationToken cancellationToken)
   at System.Net.Http.HttpClient.<SendAsync>g__Core|83_0(HttpRequestMessage request, HttpCompletionOption completionOption, CancellationTokenSource cts, Boolean disposeCts, CancellationTokenSource pendingRequestsCts, CancellationToken originalCancellationToken)
   at Sdk.WebApi.WebApi.RawHttpClientBase.SendAsync(HttpRequestMessage message, HttpCompletionOption completionOption, Object userState, CancellationToken cancellationToken)
   at Sdk.WebApi.WebApi.RawHttpClientBase.SendAsync[T](HttpRequestMessage message, Boolean readErrorBody, Object userState, CancellationToken cancellationToken)
   at Sdk.WebApi.WebApi.RawHttpClientBase.SendAsync[T](HttpMethod method, IEnumerable`1 additionalHeaders, Uri requestUri, HttpContent content, IEnumerable`1 queryParameters, Boolean readErrorBody, Object userState, CancellationToken cancellationToken)
   at GitHub.Actions.RunService.WebApi.BrokerHttpClient.GetRunnerMessageAsync(Nullable`1 sessionId, String runnerVersion, Nullable`1 status, String os, String architecture, Nullable`1 disableUpdate, CancellationToken cancellationToken)
   at GitHub.Runner.Common.BrokerServer.<>c__DisplayClass7_0.<<GetRunnerMessageAsync>b__0>d.MoveNext()
--- End of stack trace from previous location ---
   at GitHub.Runner.Common.RunnerService.RetryRequest[T](Func`1 func, CancellationToken cancellationToken, Int32 maxAttempts, Func`2 shouldRetry)
[2026-09-26 21:59:52Z ERR  BrokerServer] #####################################################
[2026-09-26 21:59:52Z ERR  BrokerServer] System.Threading.Tasks.TaskCanceledException: The operation was canceled.
 ---> System.IO.IOException: Unable to read data from the transport connection: De I/O-bewerking is afgebroken vanwege het afsluiten van een thread of vanwege een opdracht van een toepassing..
 ---> System.Net.Sockets.SocketException (995): De I/O-bewerking is afgebroken vanwege het afsluiten van een thread of vanwege een opdracht van een toepassing.
   --- End of inner exception stack trace ---
   at System.Net.Sockets.Socket.AwaitableSocketAsyncEventArgs.System.Threading.Tasks.Sources.IValueTaskSource<System.Int32>.GetResult(Int16 token)
   at System.Net.Security.SslStream.EnsureFullTlsFrameAsync[TIOAdapter](CancellationToken cancellationToken, Int32 estimatedSize)
   at System.Runtime.CompilerServices.PoolingAsyncValueTaskMethodBuilder`1.StateMachineBox`1.System.Threading.Tasks.Sources.IValueTaskSource<TResult>.GetResult(Int16 token)
   at System.Net.Security.SslStream.ReadAsyncInternal[TIOAdapter](Memory`1 buffer, CancellationToken cancellationToken)
   at System.Runtime.CompilerServices.PoolingAsyncValueTaskMethodBuilder`1.StateMachineBox`1.System.Threading.Tasks.Sources.IValueTaskSource<TResult>.GetResult(Int16 token)
   at System.Net.Http.HttpConnection.InitialFillAsync(Boolean async)
   at System.Net.Http.HttpConnection.SendAsync(HttpRequestMessage request, Boolean async, CancellationToken cancellationToken)
   --- End of inner exception stack trace ---
   at System.Net.Http.HttpConnection.SendAsync(HttpRequestMessage request, Boolean async, CancellationToken cancellationToken)
   at System.Net.Http.AuthenticationHelper.SendWithNtAuthAsync(HttpRequestMessage request, Uri authUri, Boolean async, ICredentials credentials, Boolean isProxyAuth, HttpConnection connection, HttpConnectionPool connectionPool, CancellationToken cancellationToken)
   at System.Net.Http.HttpConnectionPool.SendWithVersionDetectionAndRetryAsync(HttpRequestMessage request, Boolean async, Boolean doRequestAuth, CancellationToken cancellationToken)
   at System.Net.Http.AuthenticationHelper.SendWithAuthAsync(HttpRequestMessage request, Uri authUri, Boolean async, ICredentials credentials, Boolean preAuthenticate, Boolean isProxyAuth, Boolean doRequestAuth, HttpConnectionPool pool, CancellationToken cancellationToken)
   at System.Net.Http.RedirectHandler.SendAsync(HttpRequestMessage request, Boolean async, CancellationToken cancellationToken)
   at GitHub.Services.Common.RawHttpMessageHandler.SendAsync(HttpRequestMessage request, CancellationToken cancellationToken)
[2026-09-26 21:59:52Z ERR  BrokerServer] #####################################################
[2026-09-26 21:59:52Z ERR  BrokerServer] System.IO.IOException: Unable to read data from the transport connection: De I/O-bewerking is afgebroken vanwege het afsluiten van een thread of vanwege een opdracht van een toepassing..
 ---> System.Net.Sockets.SocketException (995): De I/O-bewerking is afgebroken vanwege het afsluiten van een thread of vanwege een opdracht van een toepassing.
   --- End of inner exception stack trace ---
   at System.Net.Sockets.Socket.AwaitableSocketAsyncEventArgs.System.Threading.Tasks.Sources.IValueTaskSource<System.Int32>.GetResult(Int16 token)
   at System.Net.Security.SslStream.EnsureFullTlsFrameAsync[TIOAdapter](CancellationToken cancellationToken, Int32 estimatedSize)
   at System.Runtime.CompilerServices.PoolingAsyncValueTaskMethodBuilder`1.StateMachineBox`1.System.Threading.Tasks.Sources.IValueTaskSource<TResult>.GetResult(Int16 token)
   at System.Net.Security.SslStream.ReadAsyncInternal[TIOAdapter](Memory`1 buffer, CancellationToken cancellationToken)
   at System.Runtime.CompilerServices.PoolingAsyncValueTaskMethodBuilder`1.StateMachineBox`1.System.Threading.Tasks.Sources.IValueTaskSource<TResult>.GetResult(Int16 token)
   at System.Net.Http.HttpConnection.InitialFillAsync(Boolean async)
   at System.Net.Http.HttpConnection.SendAsync(HttpRequestMessage request, Boolean async, CancellationToken cancellationToken)
[2026-09-26 21:59:52Z ERR  BrokerServer] #####################################################
[2026-09-26 21:59:52Z ERR  BrokerServer] System.Net.Sockets.SocketException (995): De I/O-bewerking is afgebroken vanwege het afsluiten van een thread of vanwege een opdracht van een toepassing.
[2026-09-26 21:59:52Z WARN BrokerServer] Back off 12,714 seconds before next retry. 3 attempt left.
[2026-09-26 22:09:23Z INFO BrokerMessageListener] Acknowledging runner request '0f77b158-6e8e-5f01-98b5-ab4be5da19d3'.
[2026-09-26 22:09:23Z INFO ConfigurationStore] HasCredentials()
[2026-09-26 22:09:23Z INFO ConfigurationStore] stored True
[2026-09-26 22:09:23Z INFO CredentialManager] GetCredentialProvider
[2026-09-26 22:09:23Z INFO CredentialManager] Creating type OAuth
[2026-09-26 22:09:23Z INFO CredentialManager] Creating credential type: OAuth
[2026-09-26 22:09:23Z INFO RSAEncryptedFileKeyManager] Loading RSA key parameters from file C:\Users\chenz\Downloads\terraform-nca\actions-runner\.credentials_rsaparams
[2026-09-26 22:09:23Z INFO RSAEncryptedFileKeyManager] Loading RSA key parameters from file C:\Users\chenz\Downloads\terraform-nca\actions-runner\.credentials_rsaparams
[2026-09-26 22:09:23Z INFO RSAEncryptedFileKeyManager] Loading RSA key parameters from file C:\Users\chenz\Downloads\terraform-nca\actions-runner\.credentials_rsaparams
[2026-09-26 22:09:23Z INFO GitHubActionsService] AAD Correlation ID for this token request: Unknown
[2026-09-26 22:09:24Z INFO JobDispatcher] Job request 0 for plan c25080e9-f111-4656-a3ca-db361782361d job 0f77b158-6e8e-5f01-98b5-ab4be5da19d3 received.
[2026-09-26 22:09:24Z INFO JobDispatcher] Pull OrchestrationId c25080e9-f111-4656-a3ca-db361782361d.build-and-deploy.__default from JWT claims
[2026-09-26 22:09:24Z INFO BrokerMessageListener] Received job status event. JobState: Busy
[2026-09-26 22:09:24Z INFO BrokerMessageListener] _getMessagesTokenSource is already disposed.
[2026-09-26 22:09:24Z INFO Terminal] WRITE LINE: 2026-09-26 22:09:24Z: Running job: build-and-deploy
[2026-09-26 22:09:24Z INFO JobDispatcher] Start renew job request 0 for job 0f77b158-6e8e-5f01-98b5-ab4be5da19d3.
[2026-09-26 22:09:24Z INFO JobDispatcher] Successfully renew job 0f77b158-6e8e-5f01-98b5-ab4be5da19d3, job is valid till 26-9-2026 22:19:20
[2026-09-26 22:09:24Z INFO HostContext] Well known directory 'Bin': 'C:\Users\chenz\Downloads\terraform-nca\actions-runner\bin'
[2026-09-26 22:09:24Z INFO ProcessInvokerWrapper] Starting process:
[2026-09-26 22:09:24Z INFO ProcessInvokerWrapper]   File name: 'C:\Users\chenz\Downloads\terraform-nca\actions-runner\bin\Runner.Worker.exe'
[2026-09-26 22:09:24Z INFO ProcessInvokerWrapper]   Arguments: 'spawnclient 1432 1512'
[2026-09-26 22:09:24Z INFO ProcessInvokerWrapper]   Working directory: 'C:\Users\chenz\Downloads\terraform-nca\actions-runner\bin'
[2026-09-26 22:09:24Z INFO ProcessInvokerWrapper]   Require exit code zero: 'False'
[2026-09-26 22:09:24Z INFO ProcessInvokerWrapper]   Encoding web name:  ; code page: ''
[2026-09-26 22:09:24Z INFO ProcessInvokerWrapper]   Force kill process on cancellation: 'True'
[2026-09-26 22:09:24Z INFO ProcessInvokerWrapper]   Redirected STDIN: 'False'
[2026-09-26 22:09:24Z INFO ProcessInvokerWrapper]   Persist current code page: 'False'
[2026-09-26 22:09:24Z INFO ProcessInvokerWrapper]   Keep redirected STDIN open: 'False'
[2026-09-26 22:09:24Z INFO ProcessInvokerWrapper]   High priority process: 'True'
[2026-09-26 22:09:25Z INFO ProcessInvokerWrapper] Process started with process id 15092, waiting for process exit.
[2026-09-26 22:09:25Z INFO JobDispatcher] Send job request message to worker for job 0f77b158-6e8e-5f01-98b5-ab4be5da19d3.
[2026-09-26 22:09:25Z INFO ProcessChannel] Sending message of length 26554, with hash '3e1ede5970c39c9c50742acc88a80f81ee6898942378e01d4c2e0118acdbca8b'
[2026-09-26 22:09:25Z INFO JobNotification] Entering JobStarted Notification
[2026-09-26 22:09:25Z INFO JobNotification] Entering StartMonitor
[2026-09-26 22:09:29Z INFO ProcessInvokerWrapper] STDOUT/STDERR stream read finished.
[2026-09-26 22:09:29Z INFO ProcessInvokerWrapper] STDOUT/STDERR stream read finished.
[2026-09-26 22:09:29Z INFO ProcessInvokerWrapper] Finished process 15092 with exit code 0, and elapsed time 00:00:04.4531119.
[2026-09-26 22:09:29Z INFO JobDispatcher] Worker finished for job 0f77b158-6e8e-5f01-98b5-ab4be5da19d3. Code: 0
[2026-09-26 22:09:29Z INFO JobDispatcher] Return code 0 indicate worker encounter an unhandled exception or app crash, attach worker stdout/stderr to JobRequest result.
[2026-09-26 22:09:29Z INFO JobDispatcher] finish job request for job 0f77b158-6e8e-5f01-98b5-ab4be5da19d3 with result: Failed
[2026-09-26 22:09:29Z INFO Terminal] WRITE LINE: 2026-09-26 22:09:29Z: Job build-and-deploy completed with result: Failed
[2026-09-26 22:09:29Z INFO JobDispatcher] Stop renew job request for job 0f77b158-6e8e-5f01-98b5-ab4be5da19d3.
[2026-09-26 22:09:29Z INFO JobDispatcher] job renew has been cancelled, stop renew job 0f77b158-6e8e-5f01-98b5-ab4be5da19d3.
[2026-09-26 22:09:29Z INFO JobNotification] Entering JobCompleted Notification
[2026-09-26 22:09:29Z INFO JobNotification] Entering EndMonitor
[2026-09-26 22:09:29Z INFO BrokerMessageListener] Received job status event. JobState: Online
[2026-09-26 22:09:29Z WARN GitHubActionsService] GET request to https://broker.actions.githubusercontent.com/message?sessionId=986405f9-2727-4a5a-ae8f-438c47f7e1c3&status=Busy&runnerVersion=2.337.0&os=Windows&architecture=X64&disableUpdate=false has been cancelled.
[2026-09-26 22:09:29Z ERR  BrokerServer] Catch exception during request
[2026-09-26 22:09:29Z ERR  BrokerServer] System.Threading.Tasks.TaskCanceledException: The operation was canceled.
 ---> System.Threading.Tasks.TaskCanceledException: The operation was canceled.
 ---> System.IO.IOException: Unable to read data from the transport connection: De I/O-bewerking is afgebroken vanwege het afsluiten van een thread of vanwege een opdracht van een toepassing..
 ---> System.Net.Sockets.SocketException (995): De I/O-bewerking is afgebroken vanwege het afsluiten van een thread of vanwege een opdracht van een toepassing.
   --- End of inner exception stack trace ---
   at System.Net.Sockets.Socket.AwaitableSocketAsyncEventArgs.System.Threading.Tasks.Sources.IValueTaskSource<System.Int32>.GetResult(Int16 token)
   at System.Net.Security.SslStream.EnsureFullTlsFrameAsync[TIOAdapter](CancellationToken cancellationToken, Int32 estimatedSize)
   at System.Runtime.CompilerServices.PoolingAsyncValueTaskMethodBuilder`1.StateMachineBox`1.System.Threading.Tasks.Sources.IValueTaskSource<TResult>.GetResult(Int16 token)
   at System.Net.Security.SslStream.ReadAsyncInternal[TIOAdapter](Memory`1 buffer, CancellationToken cancellationToken)
   at System.Runtime.CompilerServices.PoolingAsyncValueTaskMethodBuilder`1.StateMachineBox`1.System.Threading.Tasks.Sources.IValueTaskSource<TResult>.GetResult(Int16 token)
   at System.Net.Http.HttpConnection.SendAsync(HttpRequestMessage request, Boolean async, CancellationToken cancellationToken)
   --- End of inner exception stack trace ---
   at System.Net.Http.HttpConnection.SendAsync(HttpRequestMessage request, Boolean async, CancellationToken cancellationToken)
   at System.Net.Http.AuthenticationHelper.SendWithNtAuthAsync(HttpRequestMessage request, Uri authUri, Boolean async, ICredentials credentials, Boolean isProxyAuth, HttpConnection connection, HttpConnectionPool connectionPool, CancellationToken cancellationToken)
   at System.Net.Http.HttpConnectionPool.SendWithVersionDetectionAndRetryAsync(HttpRequestMessage request, Boolean async, Boolean doRequestAuth, CancellationToken cancellationToken)
   at System.Net.Http.AuthenticationHelper.SendWithAuthAsync(HttpRequestMessage request, Uri authUri, Boolean async, ICredentials credentials, Boolean preAuthenticate, Boolean isProxyAuth, Boolean doRequestAuth, HttpConnectionPool pool, CancellationToken cancellationToken)
   at System.Net.Http.RedirectHandler.SendAsync(HttpRequestMessage request, Boolean async, CancellationToken cancellationToken)
   at GitHub.Services.Common.RawHttpMessageHandler.SendAsync(HttpRequestMessage request, CancellationToken cancellationToken)
   at GitHub.Services.Common.VssHttpRetryMessageHandler.SendAsync(HttpRequestMessage request, CancellationToken cancellationToken)
   at System.Net.Http.HttpClient.<SendAsync>g__Core|83_0(HttpRequestMessage request, HttpCompletionOption completionOption, CancellationTokenSource cts, Boolean disposeCts, CancellationTokenSource pendingRequestsCts, CancellationToken originalCancellationToken)
   --- End of inner exception stack trace ---
   at System.Net.Http.HttpClient.HandleFailure(Exception e, Boolean telemetryStarted, HttpResponseMessage response, CancellationTokenSource cts, CancellationToken cancellationToken, CancellationTokenSource pendingRequestsCts)
   at System.Net.Http.HttpClient.<SendAsync>g__Core|83_0(HttpRequestMessage request, HttpCompletionOption completionOption, CancellationTokenSource cts, Boolean disposeCts, CancellationTokenSource pendingRequestsCts, CancellationToken originalCancellationToken)
   at Sdk.WebApi.WebApi.RawHttpClientBase.SendAsync(HttpRequestMessage message, HttpCompletionOption completionOption, Object userState, CancellationToken cancellationToken)
   at Sdk.WebApi.WebApi.RawHttpClientBase.SendAsync[T](HttpRequestMessage message, Boolean readErrorBody, Object userState, CancellationToken cancellationToken)
   at Sdk.WebApi.WebApi.RawHttpClientBase.SendAsync[T](HttpMethod method, IEnumerable`1 additionalHeaders, Uri requestUri, HttpContent content, IEnumerable`1 queryParameters, Boolean readErrorBody, Object userState, CancellationToken cancellationToken)
   at GitHub.Actions.RunService.WebApi.BrokerHttpClient.GetRunnerMessageAsync(Nullable`1 sessionId, String runnerVersion, Nullable`1 status, String os, String architecture, Nullable`1 disableUpdate, CancellationToken cancellationToken)
   at GitHub.Runner.Common.BrokerServer.<>c__DisplayClass7_0.<<GetRunnerMessageAsync>b__0>d.MoveNext()
--- End of stack trace from previous location ---
   at GitHub.Runner.Common.RunnerService.RetryRequest[T](Func`1 func, CancellationToken cancellationToken, Int32 maxAttempts, Func`2 shouldRetry)
[2026-09-26 22:09:29Z ERR  BrokerServer] #####################################################
[2026-09-26 22:09:29Z ERR  BrokerServer] System.Threading.Tasks.TaskCanceledException: The operation was canceled.
 ---> System.IO.IOException: Unable to read data from the transport connection: De I/O-bewerking is afgebroken vanwege het afsluiten van een thread of vanwege een opdracht van een toepassing..
 ---> System.Net.Sockets.SocketException (995): De I/O-bewerking is afgebroken vanwege het afsluiten van een thread of vanwege een opdracht van een toepassing.
   --- End of inner exception stack trace ---
   at System.Net.Sockets.Socket.AwaitableSocketAsyncEventArgs.System.Threading.Tasks.Sources.IValueTaskSource<System.Int32>.GetResult(Int16 token)
   at System.Net.Security.SslStream.EnsureFullTlsFrameAsync[TIOAdapter](CancellationToken cancellationToken, Int32 estimatedSize)
   at System.Runtime.CompilerServices.PoolingAsyncValueTaskMethodBuilder`1.StateMachineBox`1.System.Threading.Tasks.Sources.IValueTaskSource<TResult>.GetResult(Int16 token)
   at System.Net.Security.SslStream.ReadAsyncInternal[TIOAdapter](Memory`1 buffer, CancellationToken cancellationToken)
   at System.Runtime.CompilerServices.PoolingAsyncValueTaskMethodBuilder`1.StateMachineBox`1.System.Threading.Tasks.Sources.IValueTaskSource<TResult>.GetResult(Int16 token)
   at System.Net.Http.HttpConnection.SendAsync(HttpRequestMessage request, Boolean async, CancellationToken cancellationToken)
   --- End of inner exception stack trace ---
   at System.Net.Http.HttpConnection.SendAsync(HttpRequestMessage request, Boolean async, CancellationToken cancellationToken)
   at System.Net.Http.AuthenticationHelper.SendWithNtAuthAsync(HttpRequestMessage request, Uri authUri, Boolean async, ICredentials credentials, Boolean isProxyAuth, HttpConnection connection, HttpConnectionPool connectionPool, CancellationToken cancellationToken)
   at System.Net.Http.HttpConnectionPool.SendWithVersionDetectionAndRetryAsync(HttpRequestMessage request, Boolean async, Boolean doRequestAuth, CancellationToken cancellationToken)
   at System.Net.Http.AuthenticationHelper.SendWithAuthAsync(HttpRequestMessage request, Uri authUri, Boolean async, ICredentials credentials, Boolean preAuthenticate, Boolean isProxyAuth, Boolean doRequestAuth, HttpConnectionPool pool, CancellationToken cancellationToken)
   at System.Net.Http.RedirectHandler.SendAsync(HttpRequestMessage request, Boolean async, CancellationToken cancellationToken)
   at GitHub.Services.Common.RawHttpMessageHandler.SendAsync(HttpRequestMessage request, CancellationToken cancellationToken)
   at GitHub.Services.Common.VssHttpRetryMessageHandler.SendAsync(HttpRequestMessage request, CancellationToken cancellationToken)
   at System.Net.Http.HttpClient.<SendAsync>g__Core|83_0(HttpRequestMessage request, HttpCompletionOption completionOption, CancellationTokenSource cts, Boolean disposeCts, CancellationTokenSource pendingRequestsCts, CancellationToken originalCancellationToken)
[2026-09-26 22:09:29Z ERR  BrokerServer] #####################################################
[2026-09-26 22:09:29Z ERR  BrokerServer] System.IO.IOException: Unable to read data from the transport connection: De I/O-bewerking is afgebroken vanwege het afsluiten van een thread of vanwege een opdracht van een toepassing..
 ---> System.Net.Sockets.SocketException (995): De I/O-bewerking is afgebroken vanwege het afsluiten van een thread of vanwege een opdracht van een toepassing.
   --- End of inner exception stack trace ---
   at System.Net.Sockets.Socket.AwaitableSocketAsyncEventArgs.System.Threading.Tasks.Sources.IValueTaskSource<System.Int32>.GetResult(Int16 token)
   at System.Net.Security.SslStream.EnsureFullTlsFrameAsync[TIOAdapter](CancellationToken cancellationToken, Int32 estimatedSize)
   at System.Runtime.CompilerServices.PoolingAsyncValueTaskMethodBuilder`1.StateMachineBox`1.System.Threading.Tasks.Sources.IValueTaskSource<TResult>.GetResult(Int16 token)
   at System.Net.Security.SslStream.ReadAsyncInternal[TIOAdapter](Memory`1 buffer, CancellationToken cancellationToken)
   at System.Runtime.CompilerServices.PoolingAsyncValueTaskMethodBuilder`1.StateMachineBox`1.System.Threading.Tasks.Sources.IValueTaskSource<TResult>.GetResult(Int16 token)
   at System.Net.Http.HttpConnection.SendAsync(HttpRequestMessage request, Boolean async, CancellationToken cancellationToken)
[2026-09-26 22:09:29Z ERR  BrokerServer] #####################################################
[2026-09-26 22:09:29Z ERR  BrokerServer] System.Net.Sockets.SocketException (995): De I/O-bewerking is afgebroken vanwege het afsluiten van een thread of vanwege een opdracht van een toepassing.
[2026-09-26 22:09:29Z WARN BrokerServer] Back off 12,534 seconds before next retry. 4 attempt left.
[2026-09-26 22:09:29Z INFO BrokerMessageListener] Get messages has been cancelled using local token source. Continue to get messages with new status.
[2026-09-26 22:43:34Z INFO RSAEncryptedFileKeyManager] Loading RSA key parameters from file C:\Users\chenz\Downloads\terraform-nca\actions-runner\.credentials_rsaparams
[2026-09-26 22:43:34Z INFO GitHubActionsService] AAD Correlation ID for this token request: Unknown
[2026-09-26 23:00:16Z WARN GitHubActionsService] GET request to https://broker.actions.githubusercontent.com/message?sessionId=986405f9-2727-4a5a-ae8f-438c47f7e1c3&status=Online&runnerVersion=2.337.0&os=Windows&architecture=X64&disableUpdate=false timed out after 100 seconds.
[2026-09-26 23:00:16Z ERR  BrokerServer] Catch exception during request
[2026-09-26 23:00:16Z ERR  BrokerServer] System.TimeoutException: The HTTP request timed out after 00:01:40.
 ---> System.Threading.Tasks.TaskCanceledException: The operation was canceled.
 ---> System.IO.IOException: Unable to read data from the transport connection: De I/O-bewerking is afgebroken vanwege het afsluiten van een thread of vanwege een opdracht van een toepassing..
 ---> System.Net.Sockets.SocketException (995): De I/O-bewerking is afgebroken vanwege het afsluiten van een thread of vanwege een opdracht van een toepassing.
   --- End of inner exception stack trace ---
   at System.Net.Sockets.Socket.AwaitableSocketAsyncEventArgs.System.Threading.Tasks.Sources.IValueTaskSource<System.Int32>.GetResult(Int16 token)
   at System.Net.Security.SslStream.EnsureFullTlsFrameAsync[TIOAdapter](CancellationToken cancellationToken, Int32 estimatedSize)
   at System.Runtime.CompilerServices.PoolingAsyncValueTaskMethodBuilder`1.StateMachineBox`1.System.Threading.Tasks.Sources.IValueTaskSource<TResult>.GetResult(Int16 token)
   at System.Net.Security.SslStream.ReadAsyncInternal[TIOAdapter](Memory`1 buffer, CancellationToken cancellationToken)
   at System.Runtime.CompilerServices.PoolingAsyncValueTaskMethodBuilder`1.StateMachineBox`1.System.Threading.Tasks.Sources.IValueTaskSource<TResult>.GetResult(Int16 token)
   at System.Net.Http.HttpConnection.SendAsync(HttpRequestMessage request, Boolean async, CancellationToken cancellationToken)
   --- End of inner exception stack trace ---
   at System.Net.Http.HttpConnection.SendAsync(HttpRequestMessage request, Boolean async, CancellationToken cancellationToken)
   at System.Net.Http.AuthenticationHelper.SendWithNtAuthAsync(HttpRequestMessage request, Uri authUri, Boolean async, ICredentials credentials, Boolean isProxyAuth, HttpConnection connection, HttpConnectionPool connectionPool, CancellationToken cancellationToken)
   at System.Net.Http.HttpConnectionPool.SendWithVersionDetectionAndRetryAsync(HttpRequestMessage request, Boolean async, Boolean doRequestAuth, CancellationToken cancellationToken)
   at System.Net.Http.AuthenticationHelper.SendWithAuthAsync(HttpRequestMessage request, Uri authUri, Boolean async, ICredentials credentials, Boolean preAuthenticate, Boolean isProxyAuth, Boolean doRequestAuth, HttpConnectionPool pool, CancellationToken cancellationToken)
   at System.Net.Http.RedirectHandler.SendAsync(HttpRequestMessage request, Boolean async, CancellationToken cancellationToken)
   at GitHub.Services.Common.RawHttpMessageHandler.SendAsync(HttpRequestMessage request, CancellationToken cancellationToken)
   --- End of inner exception stack trace ---
   at GitHub.Services.Common.RawHttpMessageHandler.SendAsync(HttpRequestMessage request, CancellationToken cancellationToken)
   at GitHub.Services.Common.VssHttpRetryMessageHandler.SendAsync(HttpRequestMessage request, CancellationToken cancellationToken)
   at System.Net.Http.HttpClient.<SendAsync>g__Core|83_0(HttpRequestMessage request, HttpCompletionOption completionOption, CancellationTokenSource cts, Boolean disposeCts, CancellationTokenSource pendingRequestsCts, CancellationToken originalCancellationToken)
   at Sdk.WebApi.WebApi.RawHttpClientBase.SendAsync(HttpRequestMessage message, HttpCompletionOption completionOption, Object userState, CancellationToken cancellationToken)
   at Sdk.WebApi.WebApi.RawHttpClientBase.SendAsync[T](HttpRequestMessage message, Boolean readErrorBody, Object userState, CancellationToken cancellationToken)
   at Sdk.WebApi.WebApi.RawHttpClientBase.SendAsync[T](HttpMethod method, IEnumerable`1 additionalHeaders, Uri requestUri, HttpContent content, IEnumerable`1 queryParameters, Boolean readErrorBody, Object userState, CancellationToken cancellationToken)
   at GitHub.Actions.RunService.WebApi.BrokerHttpClient.GetRunnerMessageAsync(Nullable`1 sessionId, String runnerVersion, Nullable`1 status, String os, String architecture, Nullable`1 disableUpdate, CancellationToken cancellationToken)
   at GitHub.Runner.Common.BrokerServer.<>c__DisplayClass7_0.<<GetRunnerMessageAsync>b__0>d.MoveNext()
--- End of stack trace from previous location ---
   at GitHub.Runner.Common.RunnerService.RetryRequest[T](Func`1 func, CancellationToken cancellationToken, Int32 maxAttempts, Func`2 shouldRetry)
[2026-09-26 23:00:16Z ERR  BrokerServer] #####################################################
[2026-09-26 23:00:16Z ERR  BrokerServer] System.Threading.Tasks.TaskCanceledException: The operation was canceled.
 ---> System.IO.IOException: Unable to read data from the transport connection: De I/O-bewerking is afgebroken vanwege het afsluiten van een thread of vanwege een opdracht van een toepassing..
 ---> System.Net.Sockets.SocketException (995): De I/O-bewerking is afgebroken vanwege het afsluiten van een thread of vanwege een opdracht van een toepassing.
   --- End of inner exception stack trace ---
   at System.Net.Sockets.Socket.AwaitableSocketAsyncEventArgs.System.Threading.Tasks.Sources.IValueTaskSource<System.Int32>.GetResult(Int16 token)
   at System.Net.Security.SslStream.EnsureFullTlsFrameAsync[TIOAdapter](CancellationToken cancellationToken, Int32 estimatedSize)
   at System.Runtime.CompilerServices.PoolingAsyncValueTaskMethodBuilder`1.StateMachineBox`1.System.Threading.Tasks.Sources.IValueTaskSource<TResult>.GetResult(Int16 token)
   at System.Net.Security.SslStream.ReadAsyncInternal[TIOAdapter](Memory`1 buffer, CancellationToken cancellationToken)
   at System.Runtime.CompilerServices.PoolingAsyncValueTaskMethodBuilder`1.StateMachineBox`1.System.Threading.Tasks.Sources.IValueTaskSource<TResult>.GetResult(Int16 token)
   at System.Net.Http.HttpConnection.SendAsync(HttpRequestMessage request, Boolean async, CancellationToken cancellationToken)
   --- End of inner exception stack trace ---
   at System.Net.Http.HttpConnection.SendAsync(HttpRequestMessage request, Boolean async, CancellationToken cancellationToken)
   at System.Net.Http.AuthenticationHelper.SendWithNtAuthAsync(HttpRequestMessage request, Uri authUri, Boolean async, ICredentials credentials, Boolean isProxyAuth, HttpConnection connection, HttpConnectionPool connectionPool, CancellationToken cancellationToken)
   at System.Net.Http.HttpConnectionPool.SendWithVersionDetectionAndRetryAsync(HttpRequestMessage request, Boolean async, Boolean doRequestAuth, CancellationToken cancellationToken)
   at System.Net.Http.AuthenticationHelper.SendWithAuthAsync(HttpRequestMessage request, Uri authUri, Boolean async, ICredentials credentials, Boolean preAuthenticate, Boolean isProxyAuth, Boolean doRequestAuth, HttpConnectionPool pool, CancellationToken cancellationToken)
   at System.Net.Http.RedirectHandler.SendAsync(HttpRequestMessage request, Boolean async, CancellationToken cancellationToken)
   at GitHub.Services.Common.RawHttpMessageHandler.SendAsync(HttpRequestMessage request, CancellationToken cancellationToken)
[2026-09-26 23:00:16Z ERR  BrokerServer] #####################################################
[2026-09-26 23:00:16Z ERR  BrokerServer] System.IO.IOException: Unable to read data from the transport connection: De I/O-bewerking is afgebroken vanwege het afsluiten van een thread of vanwege een opdracht van een toepassing..
 ---> System.Net.Sockets.SocketException (995): De I/O-bewerking is afgebroken vanwege het afsluiten van een thread of vanwege een opdracht van een toepassing.
   --- End of inner exception stack trace ---
   at System.Net.Sockets.Socket.AwaitableSocketAsyncEventArgs.System.Threading.Tasks.Sources.IValueTaskSource<System.Int32>.GetResult(Int16 token)
   at System.Net.Security.SslStream.EnsureFullTlsFrameAsync[TIOAdapter](CancellationToken cancellationToken, Int32 estimatedSize)
   at System.Runtime.CompilerServices.PoolingAsyncValueTaskMethodBuilder`1.StateMachineBox`1.System.Threading.Tasks.Sources.IValueTaskSource<TResult>.GetResult(Int16 token)
   at System.Net.Security.SslStream.ReadAsyncInternal[TIOAdapter](Memory`1 buffer, CancellationToken cancellationToken)
   at System.Runtime.CompilerServices.PoolingAsyncValueTaskMethodBuilder`1.StateMachineBox`1.System.Threading.Tasks.Sources.IValueTaskSource<TResult>.GetResult(Int16 token)
   at System.Net.Http.HttpConnection.SendAsync(HttpRequestMessage request, Boolean async, CancellationToken cancellationToken)
[2026-09-26 23:00:16Z ERR  BrokerServer] #####################################################
[2026-09-26 23:00:16Z ERR  BrokerServer] System.Net.Sockets.SocketException (995): De I/O-bewerking is afgebroken vanwege het afsluiten van een thread of vanwege een opdracht van een toepassing.
[2026-09-26 23:00:16Z WARN BrokerServer] Back off 11,147 seconds before next retry. 4 attempt left.
